Component: ARM Compiler 5.06 update 6 (build 750) Tool: armlink [4d35ed]

==============================================================================

Section Cross References

    startup_stm32f10x_md.o(RESET) refers to startup_stm32f10x_md.o(STACK) for __initial_sp
    startup_stm32f10x_md.o(RESET) refers to startup_stm32f10x_md.o(.text) for Reset_Handler
    startup_stm32f10x_md.o(RESET) refers to stm32f10x_it.o(i.NMI_Handler) for NMI_Handler
    startup_stm32f10x_md.o(RESET) refers to stm32f10x_it.o(i.HardFault_Handler) for HardFault_Handler
    startup_stm32f10x_md.o(RESET) refers to stm32f10x_it.o(i.MemManage_Handler) for MemManage_Handler
    startup_stm32f10x_md.o(RESET) refers to stm32f10x_it.o(i.BusFault_Handler) for BusFault_Handler
    startup_stm32f10x_md.o(RESET) refers to stm32f10x_it.o(i.UsageFault_Handler) for UsageFault_Handler
    startup_stm32f10x_md.o(RESET) refers to stm32f10x_it.o(i.SVC_Handler) for SVC_Handler
    startup_stm32f10x_md.o(RESET) refers to stm32f10x_it.o(i.DebugMon_Handler) for DebugMon_Handler
    startup_stm32f10x_md.o(RESET) refers to bsp_systick.o(i.SysTick_Handler) for SysTick_Handler
    startup_stm32f10x_md.o(RESET) refers to core_run.o(i.TIM4_IRQHandler) for TIM4_IRQHandler
    startup_stm32f10x_md.o(RESET) refers to bsp_usart.o(i.USART1_IRQHandler) for USART1_IRQHandler
    startup_stm32f10x_md.o(.text) refers to system_stm32f10x.o(i.SystemInit) for SystemInit
    startup_stm32f10x_md.o(.text) refers to entry.o(.ARM.Collect$$$$00000000) for __main
    system_stm32f10x.o(i.SetSysClock) refers to system_stm32f10x.o(i.SetSysClockTo72) for SetSysClockTo72
    system_stm32f10x.o(i.SystemCoreClockUpdate) refers to system_stm32f10x.o(.data) for SystemCoreClock
    system_stm32f10x.o(i.SystemInit) refers to system_stm32f10x.o(i.SetSysClock) for SetSysClock
    stm32f10x_adc.o(i.ADC_DeInit) refers to stm32f10x_rcc.o(i.RCC_APB2PeriphResetCmd) for RCC_APB2PeriphResetCmd
    stm32f10x_gpio.o(i.GPIO_AFIODeInit) refers to stm32f10x_rcc.o(i.RCC_APB2PeriphResetCmd) for RCC_APB2PeriphResetCmd
    stm32f10x_gpio.o(i.GPIO_DeInit) refers to stm32f10x_rcc.o(i.RCC_APB2PeriphResetCmd) for RCC_APB2PeriphResetCmd
    stm32f10x_i2c.o(i.I2C_DeInit) refers to stm32f10x_rcc.o(i.RCC_APB1PeriphResetCmd) for RCC_APB1PeriphResetCmd
    stm32f10x_i2c.o(i.I2C_Init) refers to stm32f10x_rcc.o(i.RCC_GetClocksFreq) for RCC_GetClocksFreq
    stm32f10x_rcc.o(i.RCC_GetClocksFreq) refers to stm32f10x_rcc.o(.data) for APBAHBPrescTable
    stm32f10x_rcc.o(i.RCC_WaitForHSEStartUp) refers to stm32f10x_rcc.o(i.RCC_GetFlagStatus) for RCC_GetFlagStatus
    stm32f10x_tim.o(i.TIM_DeInit) refers to stm32f10x_rcc.o(i.RCC_APB2PeriphResetCmd) for RCC_APB2PeriphResetCmd
    stm32f10x_tim.o(i.TIM_DeInit) refers to stm32f10x_rcc.o(i.RCC_APB1PeriphResetCmd) for RCC_APB1PeriphResetCmd
    stm32f10x_tim.o(i.TIM_ETRClockMode1Config) refers to stm32f10x_tim.o(i.TIM_ETRConfig) for TIM_ETRConfig
    stm32f10x_tim.o(i.TIM_ETRClockMode2Config) refers to stm32f10x_tim.o(i.TIM_ETRConfig) for TIM_ETRConfig
    stm32f10x_tim.o(i.TIM_ICInit) refers to stm32f10x_tim.o(i.TI1_Config) for TI1_Config
    stm32f10x_tim.o(i.TIM_ICInit) refers to stm32f10x_tim.o(i.TIM_SetIC1Prescaler) for TIM_SetIC1Prescaler
    stm32f10x_tim.o(i.TIM_ICInit) refers to stm32f10x_tim.o(i.TI2_Config) for TI2_Config
    stm32f10x_tim.o(i.TIM_ICInit) refers to stm32f10x_tim.o(i.TIM_SetIC2Prescaler) for TIM_SetIC2Prescaler
    stm32f10x_tim.o(i.TIM_ICInit) refers to stm32f10x_tim.o(i.TI3_Config) for TI3_Config
    stm32f10x_tim.o(i.TIM_ICInit) refers to stm32f10x_tim.o(i.TIM_SetIC3Prescaler) for TIM_SetIC3Prescaler
    stm32f10x_tim.o(i.TIM_ICInit) refers to stm32f10x_tim.o(i.TI4_Config) for TI4_Config
    stm32f10x_tim.o(i.TIM_ICInit) refers to stm32f10x_tim.o(i.TIM_SetIC4Prescaler) for TIM_SetIC4Prescaler
    stm32f10x_tim.o(i.TIM_ITRxExternalClockConfig) refers to stm32f10x_tim.o(i.TIM_SelectInputTrigger) for TIM_SelectInputTrigger
    stm32f10x_tim.o(i.TIM_PWMIConfig) refers to stm32f10x_tim.o(i.TI1_Config) for TI1_Config
    stm32f10x_tim.o(i.TIM_PWMIConfig) refers to stm32f10x_tim.o(i.TIM_SetIC1Prescaler) for TIM_SetIC1Prescaler
    stm32f10x_tim.o(i.TIM_PWMIConfig) refers to stm32f10x_tim.o(i.TI2_Config) for TI2_Config
    stm32f10x_tim.o(i.TIM_PWMIConfig) refers to stm32f10x_tim.o(i.TIM_SetIC2Prescaler) for TIM_SetIC2Prescaler
    stm32f10x_tim.o(i.TIM_TIxExternalClockConfig) refers to stm32f10x_tim.o(i.TI2_Config) for TI2_Config
    stm32f10x_tim.o(i.TIM_TIxExternalClockConfig) refers to stm32f10x_tim.o(i.TI1_Config) for TI1_Config
    stm32f10x_tim.o(i.TIM_TIxExternalClockConfig) refers to stm32f10x_tim.o(i.TIM_SelectInputTrigger) for TIM_SelectInputTrigger
    stm32f10x_usart.o(i.USART_DeInit) refers to stm32f10x_rcc.o(i.RCC_APB2PeriphResetCmd) for RCC_APB2PeriphResetCmd
    stm32f10x_usart.o(i.USART_DeInit) refers to stm32f10x_rcc.o(i.RCC_APB1PeriphResetCmd) for RCC_APB1PeriphResetCmd
[...]
    ..\ST_Lib\STM32F10x_StdPeriph_Driver\src\stm32f10x_adc.c 0x00000000   Number         0  stm32f10x_adc.o ABSOLUTE
    ..\ST_Lib\STM32F10x_StdPeriph_Driver\src\stm32f10x_dma.c 0x00000000   Number         0  stm32f10x_dma.o ABSOLUTE
    ..\ST_Lib\STM32F10x_StdPeriph_Driver\src\stm32f10x_gpio.c 0x00000000   Number         0  stm32f10x_gpio.o ABSOLUTE
    ..\ST_Lib\STM32F10x_StdPeriph_Driver\src\stm32f10x_i2c.c 0x00000000   Number         0  stm32f10x_i2c.o ABSOLUTE
    ..\ST_Lib\STM32F10x_StdPeriph_Driver\src\stm32f10x_rcc.c 0x00000000   Number         0  stm32f10x_rcc.o ABSOLUTE
    ..\ST_Lib\STM32F10x_StdPeriph_Driver\src\stm32f10x_tim.c 0x00000000   Number         0  stm32f10x_tim.o ABSOLUTE
    ..\ST_Lib\STM32F10x_StdPeriph_Driver\src\stm32f10x_usart.c 0x00000000   Number         0  stm32f10x_usart.o ABSOLUTE
    cdcmple.s                                0x00000000   Number         0  cdcmple.o ABSOLUTE
    cdrcmple.s                               0x00000000   Number         0  cdrcmple.o ABSOLUTE
    cfcmple.s                                0x00000000   Number         0  cfcmple.o ABSOLUTE
    cfrcmple.s                               0x00000000   Number         0  cfrcmple.o ABSOLUTE
    dc.s                                     0x00000000   Number         0  dc.o ABSOLUTE
    handlers.s                               0x00000000   Number         0  handlers.o ABSOLUTE
    init.s                                   0x00000000   Number         0  init.o ABSOLUTE
    RESET                                    0x08000000   Section      236  startup_stm32f10x_md.o(RESET)
    .ARM.Collect$$$$00000000                 0x080000ec   Section        0  entry.o(.ARM.Collect$$$$00000000)
    .ARM.Collect$$$$00000001                 0x080000ec   Section        4  entry2.o(.ARM.Collect$$$$00000001)
    .ARM.Collect$$$$00000004                 0x080000f0   Section        4  entry5.o(.ARM.Collect$$$$00000004)
    .ARM.Collect$$$$00000008                 0x080000f4   Section        0  entry7b.o(.ARM.Collect$$$$00000008)
    .ARM.Collect$$$$0000000A                 0x080000f4   Section        0  entry8b.o(.ARM.Collect$$$$0000000A)
    .ARM.Collect$$$$0000000B                 0x080000f4   Section        8  entry9a.o(.ARM.Collect$$$$0000000B)
    .ARM.Collect$$$$0000000D                 0x080000fc   Section        0  entry10a.o(.ARM.Collect$$$$0000000D)
    .ARM.Collect$$$$0000000F                 0x080000fc   Section        0  entry11a.o(.ARM.Collect$$$$0000000F)
    .ARM.Collect$$$$00002712                 0x080000fc   Section        4  entry2.o(.ARM.Collect$$$$00002712)
    __lit__00000000                          0x080000fc   Data           4  entry2.o(.ARM.Collect$$$$00002712)
    .text                                    0x08000100   Section       36  startup_stm32f10x_md.o(.text)
    .text                                    0x08000124   Section        0  ldiv.o(.text)
    .text                                    0x08000186   Section        0  memseta.o(.text)
    .text                                    0x080001aa   Section        0  memcmp.o(.text)
    .text                                    0x080001c4   Section        0  fadd.o(.text)
    .text                                    0x08000274   Section        0  fmul.o(.text)
    .text                                    0x080002d8   Section        0  fdiv.o(.text)
    .text                                    0x08000354   Section        0  fflti.o(.text)
    .text                                    0x08000366   Section        0  ffltui.o(.text)
    .text                                    0x08000370   Section        0  ffixi.o(.text)
    .text                                    0x080003a2   Section        0  ffixui.o(.text)
    .text                                    0x080003ca   Section        0  f2d.o(.text)
    .text                                    0x080003f0   Section       48  cdrcmple.o(.text)
    .text                                    0x08000420   Section       20  cfcmple.o(.text)
    .text                                    0x08000434   Section       20  cfrcmple.o(.text)
    .text                                    0x08000448   Section        0  uldiv.o(.text)
    .text                                    0x080004aa   Section        0  llshl.o(.text)
    .text                                    0x080004c8   Section        0  fepilogue.o(.text)
    .text                                    0x080004c8   Section        0  iusefp.o(.text)
    .text                                    0x08000538   Section       36  init.o(.text)
    .text                                    0x0800055c   Section        0  llushr.o(.text)
    i.ADC_Cmd                                0x0800057c   Section        0  stm32f10x_adc.o(i.ADC_Cmd)
    i.ADC_DMACmd                             0x08000592   Section        0  stm32f10x_adc.o(i.ADC_DMACmd)
    i.ADC_GetCalibrationStatus               0x080005a8   Section        0  stm32f10x_adc.o(i.ADC_GetCalibrationStatus)
    i.ADC_GetResetCalibrationStatus          0x080005bc   Section        0  stm32f10x_adc.o(i.ADC_GetResetCalibrationStatus)
    i.ADC_Init                               0x080005d0   Section        0  stm32f10x_adc.o(i.ADC_Init)
    i.ADC_RegularChannelConfig               0x08000620   Section        0  stm32f10x_adc.o(i.ADC_RegularChannelConfig)
    i.ADC_ResetCalibration                   0x080006d8   Section        0  stm32f10x_adc.o(i.ADC_ResetCalibration)
    i.ADC_SoftwareStartConvCmd               0x080006e2   Section        0  stm32f10x_adc.o(i.ADC_SoftwareStartConvCmd)
    i.ADC_StartCalibration                   0x080006f8   Section        0  stm32f10x_adc.o(i.ADC_StartCalibration)
    i.ADC_TempSensorVrefintCmd               0x08000704   Section        0  stm32f10x_adc.o(i.ADC_TempSensorVrefintCmd)
    i.All_Init                               0x08000728   Section        0  sys.o(i.All_Init)
    i.BlueTooth_Init                         0x080007a8   Section        0  bsp_bluetooth.o(i.BlueTooth_Init)
    i.BlueTooth_Write_data                   0x080007c8   Section        0  bsp_bluetooth.o(i.BlueTooth_Write_data)
    i.BusFault_Handler                       0x08000858   Section        0  stm32f10x_it.o(i.BusFault_Handler)
    i.Core_Run                               0x0800085c   Section        0  task.o(i.Core_Run)
    i.DMA_Cmd                                0x0800085e   Section        0  stm32f10x_dma.o(i.DMA_Cmd)
    i.DMA_DeInit                             0x08000878   Section        0  stm32f10x_dma.o(i.DMA_DeInit)
    i.DMA_Init                               0x080009c4   Section        0  stm32f10x_dma.o(i.DMA_Init)
    i.DebugMon_Handler                       0x08000a00   Section        0  stm32f10x_it.o(i.DebugMon_Handler)
    i.Delay_ms                               0x08000a02   Section        0  bsp_systick.o(i.Delay_ms)
    i.Delay_us                               0x08000a1a   Section        0  bsp_systick.o(i.Delay_us)
    i.GET_float                              0x08000a34   Section        0  math_lib.o(i.GET_float)
    i.GPIO_Config                            0x08000a5c   Section        0  bsp_bluetooth.o(i.GPIO_Config)
    GPIO_Config                              0x08000a5d   Thumb Code    60  bsp_bluetooth.o(i.GPIO_Config)
    i.GPIO_Init                              0x08000a9c   Section        0  stm32f10x_gpio.o(i.GPIO_Init)
    i.GPIO_PinRemapConfig                    0x08000bb4   Section        0  stm32f10x_gpio.o(i.GPIO_PinRemapConfig)
    i.GPIO_ReadInputDataBit                  0x08000c44   Section        0  stm32f10x_gpio.o(i.GPIO_ReadInputDataBit)
    i.GPIO_ResetBits                         0x08000c56   Section        0  stm32f10x_gpio.o(i.GPIO_ResetBits)
    i.GPIO_SetBits                           0x08000c5a   Section        0  stm32f10x_gpio.o(i.GPIO_SetBits)
    i.GetSysRunTimeMs                        0x08000c60   Section        0  bsp_systick.o(i.GetSysRunTimeMs)
    i.GetSysRunTimeUs                        0x08000c6c   Section        0  bsp_systick.o(i.GetSysRunTimeUs)
    i.HardFault_Handler                      0x08000cb0   Section        0  stm32f10x_it.o(i.HardFault_Handler)
    i.Loop                                   0x08000cb4   Section        0  scheduler.o(i.Loop)
    Loop                                     0x08000cb5   Thumb Code     2  scheduler.o(i.Loop)
    i.Loop_1000Hz                            0x08000cb6   Section        0  scheduler.o(i.Loop_1000Hz)
    Loop_1000Hz                              0x08000cb7   Thumb Code     2  scheduler.o(i.Loop_1000Hz)
    i.Loop_100Hz                             0x08000cb8   Section        0  scheduler.o(i.Loop_100Hz)
    Loop_100Hz                               0x08000cb9   Thumb Code     2  scheduler.o(i.Loop_100Hz)
    i.Loop_10Hz                              0x08000cba   Section        0  scheduler.o(i.Loop_10Hz)
    Loop_10Hz                                0x08000cbb   Thumb Code     2  scheduler.o(i.Loop_10Hz)
    i.Loop_1Hz                               0x08000cbc   Section        0  scheduler.o(i.Loop_1Hz)
    Loop_1Hz                                 0x08000cbd   Thumb Code    14  scheduler.o(i.Loop_1Hz)
    i.Loop_200Hz                             0x08000cd0   Section        0  scheduler.o(i.Loop_200Hz)
    Loop_200Hz                               0x08000cd1   Thumb Code     2  scheduler.o(i.Loop_200Hz)
    i.Loop_20Hz                              0x08000cd2   Section        0  scheduler.o(i.Loop_20Hz)
    Loop_20Hz                                0x08000cd3   Thumb Code     2  scheduler.o(i.Loop_20Hz)
    i.Loop_2Hz                               0x08000cd4   Section        0  scheduler.o(i.Loop_2Hz)
    Loop_2Hz                                 0x08000cd5   Thumb Code    30  scheduler.o(i.Loop_2Hz)
    i.Loop_500Hz                             0x08000cf8   Section        0  scheduler.o(i.Loop_500Hz)
    Loop_500Hz                               0x08000cf9   Thumb Code     2  scheduler.o(i.Loop_500Hz)
    i.Loop_50Hz                              0x08000cfa   Section        0  scheduler.o(i.Loop_50Hz)
    Loop_50Hz                                0x08000cfb   Thumb Code     2  scheduler.o(i.Loop_50Hz)
    i.Loop_5Hz                               0x08000cfc   Section        0  scheduler.o(i.Loop_5Hz)
    Loop_5Hz                                 0x08000cfd   Thumb Code     8  scheduler.o(i.Loop_5Hz)
    i.MPU_Init                               0x08000d04   Section        0  bsp_mpu6050.o(i.MPU_Init)
    i.MPU_Set_Accel_Fsr                      0x08000d8e   Section        0  bsp_mpu6050.o(i.MPU_Set_Accel_Fsr)
    i.MPU_Set_Gyro_Fsr                       0x08000da0   Section        0  bsp_mpu6050.o(i.MPU_Set_Gyro_Fsr)
    i.MPU_Set_LPF                            0x08000db2   Section        0  bsp_mpu6050.o(i.MPU_Set_LPF)
    i.MPU_Set_Rate                           0x08000dee   Section        0  bsp_mpu6050.o(i.MPU_Set_Rate)
    i.MemManage_Handler                      0x08000e2a   Section        0  stm32f10x_it.o(i.MemManage_Handler)
    i.NMI_Handler                            0x08000e2e   Section        0  stm32f10x_it.o(i.NMI_Handler)
    i.NVIC_Init                              0x08000e30   Section        0  misc.o(i.NVIC_Init)
    i.NVIC_PriorityGroupConfig               0x08000ea0   Section        0  misc.o(i.NVIC_PriorityGroupConfig)
    i.RCC_AHBPeriphClockCmd                  0x08000eb4   Section        0  stm32f10x_rcc.o(i.RCC_AHBPeriphClockCmd)
    i.RCC_APB1PeriphClockCmd                 0x08000ed4   Section        0  stm32f10x_rcc.o(i.RCC_APB1PeriphClockCmd)
    i.RCC_APB2PeriphClockCmd                 0x08000ef4   Section        0  stm32f10x_rcc.o(i.RCC_APB2PeriphClockCmd)
    i.RCC_APB2PeriphResetCmd                 0x08000f14   Section        0  stm32f10x_rcc.o(i.RCC_APB2PeriphResetCmd)
    i.RCC_GetClocksFreq                      0x08000f34   Section        0  stm32f10x_rcc.o(i.RCC_GetClocksFreq)
    i.SVC_Handler                            0x08001008   Section        0  stm32f10x_it.o(i.SVC_Handler)
    i.S_I2C_Ack                              0x0800100c   Section        0  bsp_s_i2c.o(i.S_I2C_Ack)
    S_I2C_Ack                                0x0800100d   Thumb Code    48  bsp_s_i2c.o(i.S_I2C_Ack)
    i.S_I2C_Delay                            0x08001040   Section        0  bsp_s_i2c.o(i.S_I2C_Delay)
    S_I2C_Delay                              0x08001041   Thumb Code    10  bsp_s_i2c.o(i.S_I2C_Delay)
    i.S_I2C_Init                             0x0800104c   Section        0  bsp_s_i2c.o(i.S_I2C_Init)
    i.S_I2C_NAck                             0x08001088   Section        0  bsp_s_i2c.o(i.S_I2C_NAck)
    S_I2C_NAck                               0x08001089   Thumb Code    40  bsp_s_i2c.o(i.S_I2C_NAck)
    i.S_I2C_Read                             0x080010b4   Section        0  bsp_s_i2c.o(i.S_I2C_Read)
    i.S_I2C_ReadByte                         0x08001140   Section        0  bsp_s_i2c.o(i.S_I2C_ReadByte)
    S_I2C_ReadByte                           0x08001141   Thumb Code    76  bsp_s_i2c.o(i.S_I2C_ReadByte)
    i.S_I2C_Read_Byte                        0x08001190   Section        0  bsp_s_i2c.o(i.S_I2C_Read_Byte)
    i.S_I2C_SendByte                         0x080011d8   Section        0  bsp_s_i2c.o(i.S_I2C_SendByte)
    S_I2C_SendByte                           0x080011d9   Thumb Code    86  bsp_s_i2c.o(i.S_I2C_SendByte)
    i.S_I2C_Start                            0x08001234   Section        0  bsp_s_i2c.o(i.S_I2C_Start)
    S_I2C_Start                              0x08001235   Thumb Code    48  bsp_s_i2c.o(i.S_I2C_Start)
    i.S_I2C_Stop                             0x08001268   Section        0  bsp_s_i2c.o(i.S_I2C_Stop)
    S_I2C_Stop                               0x08001269   Thumb Code    32  bsp_s_i2c.o(i.S_I2C_Stop)
    i.S_I2C_WaitAck                          0x0800128c   Section        0  bsp_s_i2c.o(i.S_I2C_WaitAck)
    S_I2C_WaitAck                            0x0800128d   Thumb Code    58  bsp_s_i2c.o(i.S_I2C_WaitAck)
    i.S_I2C_Write                            0x080012cc   Section        0  bsp_s_i2c.o(i.S_I2C_Write)
    i.S_I2C_Write_Byte                       0x08001356   Section        0  bsp_s_i2c.o(i.S_I2C_Write_Byte)
    i.Scheduler_Run                          0x080013a4   Section        0  scheduler.o(i.Scheduler_Run)
    i.Scheduler_Setup                        0x080013f8   Section        0  scheduler.o(i.Scheduler_Setup)
    i.Sensors_I2C_ReadRegister               0x08001448   Section        0  bsp_mpu6050.o(i.Sensors_I2C_ReadRegister)
    i.Sensors_I2C_WriteRegister              0x08001464   Section        0  bsp_mpu6050.o(i.Sensors_I2C_WriteRegister)
    i.SetSpeedHollowCup1                     0x08001480   Section        0  bsp_hollow_cup.o(i.SetSpeedHollowCup1)
    i.SetSpeedHollowCup2                     0x08001490   Section        0  bsp_hollow_cup.o(i.SetSpeedHollowCup2)
    i.SetSpeedHollowCup3                     0x080014a0   Section        0  bsp_hollow_cup.o(i.SetSpeedHollowCup3)
    i.SetSpeedHollowCup4                     0x080014b0   Section        0  bsp_hollow_cup.o(i.SetSpeedHollowCup4)
    i.SetSysClock                            0x080014c0   Section        0  system_stm32f10x.o(i.SetSysClock)
    SetSysClock                              0x080014c1   Thumb Code     8  system_stm32f10x.o(i.SetSysClock)
    i.SetSysClockTo72                        0x080014c8   Section        0  system_stm32f10x.o(i.SetSysClockTo72)
    SetSysClockTo72                          0x080014c9   Thumb Code   214  system_stm32f10x.o(i.SetSysClockTo72)
    i.SysTick_CLKSourceConfig                0x080015a8   Section        0  misc.o(i.SysTick_CLKSourceConfig)
    i.SysTick_Handler                        0x080015d0   Section        0  bsp_systick.o(i.SysTick_Handler)
    i.SysTick_Init                           0x080015e8   Section        0  bsp_systick.o(i.SysTick_Init)
    i.SystemInit                             0x08001658   Section        0  system_stm32f10x.o(i.SystemInit)
    i.TIM4_IRQHandler                        0x080016b8   Section        0  core_run.o(i.TIM4_IRQHandler)
    i.TIM_ClearITPendingBit                  0x080016e4   Section        0  stm32f10x_tim.o(i.TIM_ClearITPendingBit)
    i.TIM_Cmd                                0x080016ea   Section        0  stm32f10x_tim.o(i.TIM_Cmd)
    i.TIM_GetCounter                         0x08001702   Section        0  stm32f10x_tim.o(i.TIM_GetCounter)
    i.TIM_GetITStatus                        0x08001708   Section        0  stm32f10x_tim.o(i.TIM_GetITStatus)
    i.TIM_ITConfig                           0x0800172a   Section        0  stm32f10x_tim.o(i.TIM_ITConfig)
    i.TIM_OC1Init                            0x0800173c   Section        0  stm32f10x_tim.o(i.TIM_OC1Init)
    i.TIM_OC1PreloadConfig                   0x080017d4   Section        0  stm32f10x_tim.o(i.TIM_OC1PreloadConfig)
    i.TIM_OC2Init                            0x080017e8   Section        0  stm32f10x_tim.o(i.TIM_OC2Init)
    i.TIM_OC2PreloadConfig                   0x0800188c   Section        0  stm32f10x_tim.o(i.TIM_OC2PreloadConfig)
    i.TIM_OC3Init                            0x080018a8   Section        0  stm32f10x_tim.o(i.TIM_OC3Init)
    i.TIM_OC3PreloadConfig                   0x08001948   Section        0  stm32f10x_tim.o(i.TIM_OC3PreloadConfig)
    i.TIM_OC4Init                            0x0800195c   Section        0  stm32f10x_tim.o(i.TIM_OC4Init)
    i.TIM_OC4PreloadConfig                   0x080019d8   Section        0  stm32f10x_tim.o(i.TIM_OC4PreloadConfig)
    i.TIM_SetCompare1                        0x080019f2   Section        0  stm32f10x_tim.o(i.TIM_SetCompare1)
    i.TIM_SetCompare2                        0x080019f6   Section        0  stm32f10x_tim.o(i.TIM_SetCompare2)
    i.TIM_SetCompare3                        0x080019fa   Section        0  stm32f10x_tim.o(i.TIM_SetCompare3)
    i.TIM_SetCompare4                        0x080019fe   Section        0  stm32f10x_tim.o(i.TIM_SetCompare4)
    i.TIM_TimeBaseInit                       0x08001a04   Section        0  stm32f10x_tim.o(i.TIM_TimeBaseInit)
    i.TIMx_Config                            0x08001aa8   Section        0  bsp_hollow_cup.o(i.TIMx_Config)
    i.USART1_IRQHandler                      0x08001b7c   Section        0  bsp_usart.o(i.USART1_IRQHandler)
    i.USART_ClearITPendingBit                0x08001c04   Section        0  stm32f10x_usart.o(i.USART_ClearITPendingBit)
    i.USART_Cmd                              0x08001c22   Section        0  stm32f10x_usart.o(i.USART_Cmd)
    i.USART_Config                           0x08001c3c   Section        0  bsp_bluetooth.o(i.USART_Config)
    USART_Config                             0x08001c3d   Thumb Code    80  bsp_bluetooth.o(i.USART_Config)
    i.USART_DMACmd                           0x08001c90   Section        0  stm32f10x_usart.o(i.USART_DMACmd)
    i.USART_DMA_Config                       0x08001ca4   Section        0  bsp_bluetooth.o(i.USART_DMA_Config)
    USART_DMA_Config                         0x08001ca5   Thumb Code   108  bsp_bluetooth.o(i.USART_DMA_Config)
    i.USART_GetFlagStatus                    0x08001d1c   Section        0  stm32f10x_usart.o(i.USART_GetFlagStatus)
    i.USART_GetITStatus                      0x08001d36   Section        0  stm32f10x_usart.o(i.USART_GetITStatus)
    i.USART_Init                             0x08001d8c   Section        0  stm32f10x_usart.o(i.USART_Init)
    i.USART_SendData                         0x08001e64   Section        0  stm32f10x_usart.o(i.USART_SendData)
    i.UsageFault_Handler                     0x08001e6c   Section        0  stm32f10x_it.o(i.UsageFault_Handler)
    i.__0printf$8                            0x08001e70   Section        0  printf8.o(i.__0printf$8)
    i.__scatterload_copy                     0x08001e90   Section       14  handlers.o(i.__scatterload_copy)
    i.__scatterload_null                     0x08001e9e   Section        2  handlers.o(i.__scatterload_null)
    i.__scatterload_zeroinit                 0x08001ea0   Section       14  handlers.o(i.__scatterload_zeroinit)
    i._printf_core                           0x08001eb0   Section        0  printf8.o(i._printf_core)
    _printf_core                             0x08001eb1   Thumb Code   996  printf8.o(i._printf_core)
    i._printf_post_padding                   0x080022c0   Section        0  printf8.o(i._printf_post_padding)
    _printf_post_padding                     0x080022c1   Thumb Code    36  printf8.o(i._printf_post_padding)
    i._printf_pre_padding                    0x080022e4   Section        0  printf8.o(i._printf_pre_padding)
    _printf_pre_padding                      0x080022e5   Thumb Code    46  printf8.o(i._printf_pre_padding)
    i.accel_self_test                        0x08002314   Section        0  inv_mpu.o(i.accel_self_test)
    accel_self_test                          0x08002315   Thumb Code   186  inv_mpu.o(i.accel_self_test)
    i.adc1_init                              0x080023d4   Section        0  bsp_adc.o(i.adc1_init)
    i.core_run_init                          0x08002504   Section        0  core_run.o(i.core_run_init)
    i.display                                0x08002578   Section        0  task.o(i.display)
    i.display_core_run_time                  0x08002614   Section        0  task.o(i.display_core_run_time)
    i.dmp_enable_6x_lp_quat                  0x08002616   Section        0  inv_mpu_dmp_motion_driver.o(i.dmp_enable_6x_lp_quat)
    i.dmp_enable_feature                     0x08002654   Section        0  inv_mpu_dmp_motion_driver.o(i.dmp_enable_feature)
    i.dmp_enable_gyro_cal                    0x08002870   Section        0  inv_mpu_dmp_motion_driver.o(i.dmp_enable_gyro_cal)
    i.dmp_enable_lp_quat                     0x080028c8   Section        0  inv_mpu_dmp_motion_driver.o(i.dmp_enable_lp_quat)
    i.dmp_load_motion_driver_firmware        0x08002904   Section        0  inv_mpu_dmp_motion_driver.o(i.dmp_load_motion_driver_firmware)
    i.dmp_set_accel_bias                     0x0800291c   Section        0  inv_mpu_dmp_motion_driver.o(i.dmp_set_accel_bias)
    i.dmp_set_fifo_rate                      0x08002a4c   Section        0  inv_mpu_dmp_motion_driver.o(i.dmp_set_fifo_rate)
    i.dmp_set_gyro_bias                      0x08002abc   Section        0  inv_mpu_dmp_motion_driver.o(i.dmp_set_gyro_bias)
    i.dmp_set_orientation                    0x08002bec   Section        0  inv_mpu_dmp_motion_driver.o(i.dmp_set_orientation)
    i.dmp_set_shake_reject_thresh            0x08002d24   Section        0  inv_mpu_dmp_motion_driver.o(i.dmp_set_shake_reject_thresh)
    i.dmp_set_shake_reject_time              0x08002d5c   Section        0  inv_mpu_dmp_motion_driver.o(i.dmp_set_shake_reject_time)
    i.dmp_set_shake_reject_timeout           0x08002d82   Section        0  inv_mpu_dmp_motion_driver.o(i.dmp_set_shake_reject_timeout)
    i.dmp_set_tap_axes                       0x08002da8   Section        0  inv_mpu_dmp_motion_driver.o(i.dmp_set_tap_axes)
    i.dmp_set_tap_count                      0x08002dee   Section        0  inv_mpu_dmp_motion_driver.o(i.dmp_set_tap_count)
    i.dmp_set_tap_thresh                     0x08002e14   Section        0  inv_mpu_dmp_motion_driver.o(i.dmp_set_tap_thresh)
    i.dmp_set_tap_time                       0x08002fb4   Section        0  inv_mpu_dmp_motion_driver.o(i.dmp_set_tap_time)
    i.dmp_set_tap_time_multi                 0x08002fda   Section        0  inv_mpu_dmp_motion_driver.o(i.dmp_set_tap_time_multi)
    i.drvU1GetByte                           0x08003000   Section        0  bsp_usart.o(i.drvU1GetByte)
    i.find_head_end                          0x08003028   Section        0  bsp_bluetooth.o(i.find_head_end)
    find_head_end                            0x08003029   Thumb Code   138  bsp_bluetooth.o(i.find_head_end)
    i.fputc                                  0x080030b4   Section        0  bsp_usart.o(i.fputc)
    i.get_accel_prod_shift                   0x080030d8   Section        0  inv_mpu.o(i.get_accel_prod_shift)
    get_accel_prod_shift                     0x080030d9   Thumb Code   168  inv_mpu.o(i.get_accel_prod_shift)
    i.get_st_biases                          0x0800318c   Section        0  inv_mpu.o(i.get_st_biases)
    get_st_biases                            0x0800318d   Thumb Code  1132  inv_mpu.o(i.get_st_biases)
    i.gyro_self_test                         0x080035fc   Section        0  inv_mpu.o(i.gyro_self_test)
    gyro_self_test                           0x080035fd   Thumb Code   282  inv_mpu.o(i.gyro_self_test)
    i.inv_orientation_matrix_to_scalar       0x08003728   Section        0  bsp_mpu6050.o(i.inv_orientation_matrix_to_scalar)
    i.inv_row_2_scale                        0x08003750   Section        0  bsp_mpu6050.o(i.inv_row_2_scale)
    i.led_init                               0x080037a0   Section        0  bsp_led.o(i.led_init)
    i.main                                   0x08003808   Section        0  main.o(i.main)
    i.mpu_configure_fifo                     0x08003818   Section        0  inv_mpu.o(i.mpu_configure_fifo)
    i.mpu_dmp_init                           0x08003888   Section        0  bsp_mpu6050.o(i.mpu_dmp_init)
    i.mpu_get_accel_fsr                      0x08003928   Section        0  inv_mpu.o(i.mpu_get_accel_fsr)
    i.mpu_get_accel_sens                     0x08003974   Section        0  inv_mpu.o(i.mpu_get_accel_sens)
    i.mpu_get_fifo_config                    0x080039c8   Section        0  inv_mpu.o(i.mpu_get_fifo_config)
    i.mpu_get_gyro_fsr                       0x080039d8   Section        0  inv_mpu.o(i.mpu_get_gyro_fsr)
    i.mpu_get_gyro_sens                      0x08003a1c   Section        0  inv_mpu.o(i.mpu_get_gyro_sens)
    i.mpu_get_lpf                            0x08003a6c   Section        0  inv_mpu.o(i.mpu_get_lpf)
    i.mpu_get_sample_rate                    0x08003abc   Section        0  inv_mpu.o(i.mpu_get_sample_rate)
    i.mpu_init                               0x08003adc   Section        0  inv_mpu.o(i.mpu_init)
    i.mpu_load_firmware                      0x08003bd8   Section        0  inv_mpu.o(i.mpu_load_firmware)
    i.mpu_lp_accel_mode                      0x08003c90   Section        0  inv_mpu.o(i.mpu_lp_accel_mode)
    i.mpu_read_mem                           0x08003d70   Section        0  inv_mpu.o(i.mpu_read_mem)
    i.mpu_reset_fifo                         0x08003df0   Section        0  inv_mpu.o(i.mpu_reset_fifo)
    i.mpu_run_self_test                      0x08003fb8   Section        0  inv_mpu.o(i.mpu_run_self_test)
    i.mpu_set_accel_fsr                      0x080040d4   Section        0  inv_mpu.o(i.mpu_set_accel_fsr)
    i.mpu_set_bypass                         0x08004158   Section        0  inv_mpu.o(i.mpu_set_bypass)
    i.mpu_set_dmp_state                      0x080042a4   Section        0  inv_mpu.o(i.mpu_set_dmp_state)
    i.mpu_set_gyro_fsr                       0x08004334   Section        0  inv_mpu.o(i.mpu_set_gyro_fsr)
    i.mpu_set_int_latched                    0x080043bc   Section        0  inv_mpu.o(i.mpu_set_int_latched)
    i.mpu_set_lpf                            0x08004428   Section        0  inv_mpu.o(i.mpu_set_lpf)
    i.mpu_set_sample_rate                    0x080044ac   Section        0  inv_mpu.o(i.mpu_set_sample_rate)
    i.mpu_set_sensors                        0x08004548   Section        0  inv_mpu.o(i.mpu_set_sensors)
    i.mpu_write_mem                          0x08004618   Section        0  inv_mpu.o(i.mpu_write_mem)
    i.run_self_test                          0x08004698   Section        0  bsp_mpu6050.o(i.run_self_test)
    i.set_int_enable                         0x0800472c   Section        0  inv_mpu.o(i.set_int_enable)
    set_int_enable                           0x0800472d   Thumb Code   138  inv_mpu.o(i.set_int_enable)
    .constdata                               0x080047bc   Section       84  inv_mpu.o(.constdata)
    .constdata                               0x08004810   Section     3062  inv_mpu_dmp_motion_driver.o(.constdata)
    dmp_memory                               0x08004810   Data        3062  inv_mpu_dmp_motion_driver.o(.constdata)
    .data                                    0x20000000   Section       20  stm32f10x_rcc.o(.data)
    APBAHBPrescTable                         0x20000000   Data          16  stm32f10x_rcc.o(.data)
    ADCPrescTable                            0x20000010   Data           4  stm32f10x_rcc.o(.data)
    .data                                    0x20000014   Section        4  bsp_adc.o(.data)
    .data                                    0x20000018   Section        7  bsp_bluetooth.o(.data)
    buff_temp                                0x20000018   Data           7  bsp_bluetooth.o(.data)
    .data                                    0x2000001f   Section        9  bsp_mpu6050.o(.data)
    gyro_orientation                         0x2000001f   Data           9  bsp_mpu6050.o(.data)
    .data                                    0x20000028   Section        8  bsp_systick.o(.data)
    SysRunTimeMs                             0x20000028   Data           8  bsp_systick.o(.data)
    .data                                    0x20000030   Section        4  bsp_usart.o(.data)
    .data                                    0x20000034   Section        4  math_lib.o(.data)
    .data                                    0x20000038   Section       44  inv_mpu.o(.data)
    st                                       0x20000038   Data          44  inv_mpu.o(.data)
    .data                                    0x20000064   Section        2  core_run.o(.data)
    .data                                    0x20000068   Section      120  scheduler.o(.data)
    sched_tasks                              0x20000068   Data         120  scheduler.o(.data)
    .data                                    0x200000e0   Section        4  stdout.o(.data)
    .bss                                     0x200000e4   Section       18  bsp_bluetooth.o(.bss)
    .bss                                     0x200000f6   Section      356  bsp_usart.o(.bss)
    .bss                                     0x2000025c   Section       16  inv_mpu_dmp_motion_driver.o(.bss)
    dmp                                      0x2000025c   Data          16  inv_mpu_dmp_motion_driver.o(.bss)
    STACK                                    0x20000270   Section     1024  startup_stm32f10x_md.o(STACK)

    Global Symbols

    Symbol Name                              Value     Ov Type        Size  Object(Section)

    BuildAttributes$$THM_ISAv4$P$D$K$B$S$PE$A:L22UL41UL21$X:L11$S22US41US21$IEEE1$IW$USESV6$~STKCKD$USESV7$~SHL$OTIME$ROPI$IEEEX$EBA8$MICROLIB$REQ8$PRES8$EABIv2 0x00000000   Number         0  anon$$obj.o ABSOLUTE
    __ARM_use_no_argv                        0x00000000   Number         0  main.o ABSOLUTE
    _printf_a                                0x00000000   Number         0  stubs.o ABSOLUTE
    _printf_c                                0x00000000   Number         0  stubs.o ABSOLUTE
    _printf_charcount                        0x00000000   Number         0  stubs.o ABSOLUTE
    _printf_d                                0x00000000   Number         0  stubs.o ABSOLUTE
    _printf_e                                0x00000000   Number         0  stubs.o ABSOLUTE
    _printf_f                                0x00000000   Number         0  stubs.o ABSOLUTE
    _printf_flags                            0x00000000   Number         0  stubs.o ABSOLUTE
    _printf_fp_dec                           0x00000000   Number         0  stubs.o ABSOLUTE
    _printf_fp_hex                           0x00000000   Number         0  stubs.o ABSOLUTE
    _printf_g                                0x00000000   Number         0  stubs.o ABSOLUTE
    _printf_i                                0x00000000   Number         0  stubs.o ABSOLUTE
    _printf_int_dec                          0x00000000   Number         0  stubs.o ABSOLUTE
    _printf_l                                0x00000000   Number         0  stubs.o ABSOLUTE
    _printf_lc                               0x00000000   Number         0  stubs.o ABSOLUTE
    _printf_ll                               0x00000000   Number         0  stubs.o ABSOLUTE
    _printf_lld                              0x00000000   Number         0  stubs.o ABSOLUTE
    _printf_lli                              0x00000000   Number         0  stubs.o ABSOLUTE
    _printf_llo                              0x00000000   Number         0  stubs.o ABSOLUTE
    _printf_llu                              0x00000000   Number         0  stubs.o ABSOLUTE
    _printf_llx                              0x00000000   Number         0  stubs.o ABSOLUTE
    _printf_longlong_dec                     0x00000000   Number         0  stubs.o ABSOLUTE
    _printf_longlong_hex                     0x00000000   Number         0  stubs.o ABSOLUTE
    _printf_longlong_oct                     0x00000000   Number         0  stubs.o ABSOLUTE
    _printf_ls                               0x00000000   Number         0  stubs.o ABSOLUTE
    _printf_mbtowc                           0x00000000   Number         0  stubs.o ABSOLUTE
    _printf_n                                0x00000000   Number         0  stubs.o ABSOLUTE
    _printf_o                                0x00000000   Number         0  stubs.o ABSOLUTE
    _printf_p                                0x00000000   Number         0  stubs.o ABSOLUTE
    _printf_percent                          0x00000000   Number         0  stubs.o ABSOLUTE
    _printf_pre_padding                      0x00000000   Number         0  stubs.o ABSOLUTE
    _printf_return_value                     0x00000000   Number         0  stubs.o ABSOLUTE
    _printf_s                                0x00000000   Number         0  stubs.o ABSOLUTE
    _printf_sizespec                         0x00000000   Number         0  stubs.o ABSOLUTE
    _printf_str                              0x00000000   Number         0  stubs.o ABSOLUTE
    _printf_truncate_signed                  0x00000000   Number         0  stubs.o ABSOLUTE
    _printf_truncate_unsigned                0x00000000   Number         0  stubs.o ABSOLUTE
    _printf_u                                0x00000000   Number         0  stubs.o ABSOLUTE
    _printf_wc                               0x00000000   Number         0  stubs.o ABSOLUTE
    _printf_wctomb                           0x00000000   Number         0  stubs.o ABSOLUTE
    _printf_widthprec                        0x00000000   Number         0  stubs.o ABSOLUTE
    _printf_x                                0x00000000   Number         0  stubs.o ABSOLUTE
    __cpp_initialize__aeabi_                  - Undefined Weak Reference
    __cxa_finalize                            - Undefined Weak Reference
    __decompress                              - Undefined Weak Reference
    _clock_init                               - Undefined Weak Reference
    _microlib_exit                            - Undefined Weak Reference
    __Vectors_Size                           0x000000ec   Number         0  startup_stm32f10x_md.o ABSOLUTE
    __Vectors                                0x08000000   Data           4  startup_stm32f10x_md.o(RESET)
    __Vectors_End                            0x080000ec   Data           0  startup_stm32f10x_md.o(RESET)
    __main                                   0x080000ed   Thumb Code     0  entry.o(.ARM.Collect$$$$00000000)
    _main_stk                                0x080000ed   Thumb Code     0  entry2.o(.ARM.Collect$$$$00000001)
    _main_scatterload                        0x080000f1   Thumb Code     0  entry5.o(.ARM.Collect$$$$00000004)
    __main_after_scatterload                 0x080000f5   Thumb Code     0  entry5.o(.ARM.Collect$$$$00000004)
    _main_clock                              0x080000f5   Thumb Code     0  entry7b.o(.ARM.Collect$$$$00000008)
    _main_cpp_init                           0x080000f5   Thumb Code     0  entry8b.o(.ARM.Collect$$$$0000000A)
    _main_init                               0x080000f5   Thumb Code     0  entry9a.o(.ARM.Collect$$$$0000000B)
    __rt_final_cpp                           0x080000fd   Thumb Code     0  entry10a.o(.ARM.Collect$$$$0000000D)
    __rt_final_exit                          0x080000fd   Thumb Code     0  entry11a.o(.ARM.Collect$$$$0000000F)
    Reset_Handler                            0x08000101   Thumb Code     8  startup_stm32f10x_md.o(.text)
    PendSV_Handler                           0x08000117   Thumb Code     2  startup_stm32f10x_md.o(.text)
    ADC1_2_IRQHandler                        0x0800011b   Thumb Code     0  startup_stm32f10x_md.o(.text)
    CAN1_RX1_IRQHandler                      0x0800011b   Thumb Code     0  startup_stm32f10x_md.o(.text)
    CAN1_SCE_IRQHandler                      0x0800011b   Thumb Code     0  startup_stm32f10x_md.o(.text)
    DMA1_Channel1_IRQHandler                 0x0800011b   Thumb Code     0  startup_stm32f10x_md.o(.text)
    DMA1_Channel2_IRQHandler                 0x0800011b   Thumb Code     0  startup_stm32f10x_md.o(.text)
    DMA1_Channel3_IRQHandler                 0x0800011b   Thumb Code     0  startup_stm32f10x_md.o(.text)
    DMA1_Channel4_IRQHandler                 0x0800011b   Thumb Code     0  startup_stm32f10x_md.o(.text)
    DMA1_Channel5_IRQHandler                 0x0800011b   Thumb Code     0  startup_stm32f10x_md.o(.text)
    DMA1_Channel6_IRQHandler                 0x0800011b   Thumb Code     0  startup_stm32f10x_md.o(.text)
    DMA1_Channel7_IRQHandler                 0x0800011b   Thumb Code     0  startup_stm32f10x_md.o(.text)
    EXTI0_IRQHandler                         0x0800011b   Thumb Code     0  startup_stm32f10x_md.o(.text)
    EXTI15_10_IRQHandler                     0x0800011b   Thumb Code     0  startup_stm32f10x_md.o(.text)
    EXTI1_IRQHandler                         0x0800011b   Thumb Code     0  startup_stm32f10x_md.o(.text)
    EXTI2_IRQHandler                         0x0800011b   Thumb Code     0  startup_stm32f10x_md.o(.text)
    EXTI3_IRQHandler                         0x0800011b   Thumb Code     0  startup_stm32f10x_md.o(.text)
    EXTI4_IRQHandler                         0x0800011b   Thumb Code     0  startup_stm32f10x_md.o(.text)
    EXTI9_5_IRQHandler                       0x0800011b   Thumb Code     0  startup_stm32f10x_md.o(.text)
    FLASH_IRQHandler                         0x0800011b   Thumb Code     0  startup_stm32f10x_md.o(.text)
    I2C1_ER_IRQHandler                       0x0800011b   Thumb Code     0  startup_stm32f10x_md.o(.text)
    I2C1_EV_IRQHandler                       0x0800011b   Thumb Code     0  startup_stm32f10x_md.o(.text)
    I2C2_ER_IRQHandler                       0x0800011b   Thumb Code     0  startup_stm32f10x_md.o(.text)
    I2C2_EV_IRQHandler                       0x0800011b   Thumb Code     0  startup_stm32f10x_md.o(.text)
    PVD_IRQHandler                           0x0800011b   Thumb Code     0  startup_stm32f10x_md.o(.text)
    RCC_IRQHandler                           0x0800011b   Thumb Code     0  startup_stm32f10x_md.o(.text)
    RTCAlarm_IRQHandler                      0x0800011b   Thumb Code     0  startup_stm32f10x_md.o(.text)
    RTC_IRQHandler                           0x0800011b   Thumb Code     0  startup_stm32f10x_md.o(.text)
    SPI1_IRQHandler                          0x0800011b   Thumb Code     0  startup_stm32f10x_md.o(.text)
    SPI2_IRQHandler                          0x0800011b   Thumb Code     0  startup_stm32f10x_md.o(.text)
    TAMPER_IRQHandler                        0x0800011b   Thumb Code     0  startup_stm32f10x_md.o(.text)
    TIM1_BRK_IRQHandler                      0x0800011b   Thumb Code     0  startup_stm32f10x_md.o(.text)
    TIM1_CC_IRQHandler                       0x0800011b   Thumb Code     0  startup_stm32f10x_md.o(.text)
    TIM1_TRG_COM_IRQHandler                  0x0800011b   Thumb Code     0  startup_stm32f10x_md.o(.text)
    TIM1_UP_IRQHandler                       0x0800011b   Thumb Code     0  startup_stm32f10x_md.o(.text)
    TIM2_IRQHandler                          0x0800011b   Thumb Code     0  startup_stm32f10x_md.o(.text)
    TIM3_IRQHandler                          0x0800011b   Thumb Code     0  startup_stm32f10x_md.o(.text)
    USART2_IRQHandler                        0x0800011b   Thumb Code     0  startup_stm32f10x_md.o(.text)
    USART3_IRQHandler                        0x0800011b   Thumb Code     0  startup_stm32f10x_md.o(.text)
    USBWakeUp_IRQHandler                     0x0800011b   Thumb Code     0  startup_stm32f10x_md.o(.text)
    USB_HP_CAN1_TX_IRQHandler                0x0800011b   Thumb Code     0  startup_stm32f10x_md.o(.text)
    USB_LP_CAN1_RX0_IRQHandler               0x0800011b   Thumb Code     0  startup_stm32f10x_md.o(.text)
    WWDG_IRQHandler                          0x0800011b   Thumb Code     0  startup_stm32f10x_md.o(.text)
    __aeabi_ldivmod                          0x08000125   Thumb Code    98  ldiv.o(.text)
    __aeabi_memset                           0x08000187   Thumb Code    14  memseta.o(.text)
    __aeabi_memset4                          0x08000187   Thumb Code     0  memseta.o(.text)
    __aeabi_memset8                          0x08000187   Thumb Code     0  memseta.o(.text)
    __aeabi_memclr                           0x08000195   Thumb Code     4  memseta.o(.text)
    __aeabi_memclr4                          0x08000195   Thumb Code     0  memseta.o(.text)
    __aeabi_memclr8                          0x08000195   Thumb Code     0  memseta.o(.text)
    _memset$wrapper                          0x08000199   Thumb Code    18  memseta.o(.text)
    memcmp                                   0x080001ab   Thumb Code    26  memcmp.o(.text)
    __aeabi_fadd                             0x080001c5   Thumb Code   164  fadd.o(.text)
    __aeabi_fsub                             0x08000269   Thumb Code     6  fadd.o(.text)
    __aeabi_frsub                            0x0800026f   Thumb Code     6  fadd.o(.text)
    __aeabi_fmul                             0x08000275   Thumb Code   100  fmul.o(.text)
    __aeabi_fdiv                             0x080002d9   Thumb Code   124  fdiv.o(.text)
    __aeabi_i2f                              0x08000355   Thumb Code    18  fflti.o(.text)
    __aeabi_ui2f                             0x08000367   Thumb Code    10  ffltui.o(.text)
    __aeabi_f2iz                             0x08000371   Thumb Code    50  ffixi.o(.text)
    __aeabi_f2uiz                            0x080003a3   Thumb Code    40  ffixui.o(.text)
    __aeabi_f2d                              0x080003cb   Thumb Code    38  f2d.o(.text)
    __aeabi_cdrcmple                         0x080003f1   Thumb Code    48  cdrcmple.o(.text)
    __aeabi_cfcmpeq                          0x08000421   Thumb Code     0  cfcmple.o(.text)
    __aeabi_cfcmple                          0x08000421   Thumb Code    20  cfcmple.o(.text)
    __aeabi_cfrcmple                         0x08000435   Thumb Code    20  cfrcmple.o(.text)
    __aeabi_uldivmod                         0x08000449   Thumb Code    98  uldiv.o(.text)
    __aeabi_llsl                             0x080004ab   Thumb Code    30  llshl.o(.text)
    _ll_shift_l                              0x080004ab   Thumb Code     0  llshl.o(.text)
    __I$use$fp                               0x080004c9   Thumb Code     0  iusefp.o(.text)
    _float_round                             0x080004c9   Thumb Code    18  fepilogue.o(.text)
    _float_epilogue                          0x080004db   Thumb Code    92  fepilogue.o(.text)
    __scatterload                            0x08000539   Thumb Code    28  init.o(.text)
    __scatterload_rt2                        0x08000539   Thumb Code     0  init.o(.text)
    __aeabi_llsr                             0x0800055d   Thumb Code    32  llushr.o(.text)
    _ll_ushift_r                             0x0800055d   Thumb Code     0  llushr.o(.text)
    ADC_Cmd                                  0x0800057d   Thumb Code    22  stm32f10x_adc.o(i.ADC_Cmd)
    ADC_DMACmd                               0x08000593   Thumb Code    22  stm32f10x_adc.o(i.ADC_DMACmd)
    ADC_GetCalibrationStatus                 0x080005a9   Thumb Code    20  stm32f10x_adc.o(i.ADC_GetCalibrationStatus)
    ADC_GetResetCalibrationStatus            0x080005bd   Thumb Code    20  stm32f10x_adc.o(i.ADC_GetResetCalibrationStatus)
    ADC_Init                                 0x080005d1   Thumb Code    70  stm32f10x_adc.o(i.ADC_Init)
    ADC_RegularChannelConfig                 0x08000621   Thumb Code   184  stm32f10x_adc.o(i.ADC_RegularChannelConfig)
    ADC_ResetCalibration                     0x080006d9   Thumb Code    10  stm32f10x_adc.o(i.ADC_ResetCalibration)
    ADC_SoftwareStartConvCmd                 0x080006e3   Thumb Code    22  stm32f10x_adc.o(i.ADC_SoftwareStartConvCmd)
    ADC_StartCalibration                     0x080006f9   Thumb Code    10  stm32f10x_adc.o(i.ADC_StartCalibration)
    ADC_TempSensorVrefintCmd                 0x08000705   Thumb Code    30  stm32f10x_adc.o(i.ADC_TempSensorVrefintCmd)
    All_Init                                 0x08000729   Thumb Code   118  sys.o(i.All_Init)
    BlueTooth_Init                           0x080007a9   Thumb Code    26  bsp_bluetooth.o(i.BlueTooth_Init)
    BlueTooth_Write_data                     0x080007c9   Thumb Code   140  bsp_bluetooth.o(i.BlueTooth_Write_data)
    BusFault_Handler                         0x08000859   Thumb Code     4  stm32f10x_it.o(i.BusFault_Handler)
    Core_Run                                 0x0800085d   Thumb Code     2  task.o(i.Core_Run)
    DMA_Cmd                                  0x0800085f   Thumb Code    24  stm32f10x_dma.o(i.DMA_Cmd)
    DMA_DeInit                               0x08000879   Thumb Code   324  stm32f10x_dma.o(i.DMA_DeInit)
    DMA_Init                                 0x080009c5   Thumb Code    60  stm32f10x_dma.o(i.DMA_Init)
    DebugMon_Handler                         0x08000a01   Thumb Code     2  stm32f10x_it.o(i.DebugMon_Handler)
    Delay_ms                                 0x08000a03   Thumb Code    24  bsp_systick.o(i.Delay_ms)
    Delay_us                                 0x08000a1b   Thumb Code    24  bsp_systick.o(i.Delay_us)
    GET_float                                0x08000a35   Thumb Code    34  math_lib.o(i.GET_float)
    GPIO_Init                                0x08000a9d   Thumb Code   278  stm32f10x_gpio.o(i.GPIO_Init)
    GPIO_PinRemapConfig                      0x08000bb5   Thumb Code   138  stm32f10x_gpio.o(i.GPIO_PinRemapConfig)
    GPIO_ReadInputDataBit                    0x08000c45   Thumb Code    18  stm32f10x_gpio.o(i.GPIO_ReadInputDataBit)
    GPIO_ResetBits                           0x08000c57   Thumb Code     4  stm32f10x_gpio.o(i.GPIO_ResetBits)
    GPIO_SetBits                             0x08000c5b   Thumb Code     4  stm32f10x_gpio.o(i.GPIO_SetBits)
    GetSysRunTimeMs                          0x08000c61   Thumb Code     6  bsp_systick.o(i.GetSysRunTimeMs)
    GetSysRunTimeUs                          0x08000c6d   Thumb Code    62  bsp_systick.o(i.GetSysRunTimeUs)
    HardFault_Handler                        0x08000cb1   Thumb Code     4  stm32f10x_it.o(i.HardFault_Handler)
    MPU_Init                                 0x08000d05   Thumb Code   138  bsp_mpu6050.o(i.MPU_Init)
    MPU_Set_Accel_Fsr                        0x08000d8f   Thumb Code    18  bsp_mpu6050.o(i.MPU_Set_Accel_Fsr)
    MPU_Set_Gyro_Fsr                         0x08000da1   Thumb Code    18  bsp_mpu6050.o(i.MPU_Set_Gyro_Fsr)
    MPU_Set_LPF                              0x08000db3   Thumb Code    60  bsp_mpu6050.o(i.MPU_Set_LPF)
    MPU_Set_Rate                             0x08000def   Thumb Code    60  bsp_mpu6050.o(i.MPU_Set_Rate)
    MemManage_Handler                        0x08000e2b   Thumb Code     4  stm32f10x_it.o(i.MemManage_Handler)
    NMI_Handler                              0x08000e2f   Thumb Code     2  stm32f10x_it.o(i.NMI_Handler)
    NVIC_Init                                0x08000e31   Thumb Code   100  misc.o(i.NVIC_Init)
    NVIC_PriorityGroupConfig                 0x08000ea1   Thumb Code    10  misc.o(i.NVIC_PriorityGroupConfig)
    RCC_AHBPeriphClockCmd                    0x08000eb5   Thumb Code    26  stm32f10x_rcc.o(i.RCC_AHBPeriphClockCmd)
    RCC_APB1PeriphClockCmd                   0x08000ed5   Thumb Code    26  stm32f10x_rcc.o(i.RCC_APB1PeriphClockCmd)
    RCC_APB2PeriphClockCmd                   0x08000ef5   Thumb Code    26  stm32f10x_rcc.o(i.RCC_APB2PeriphClockCmd)
    RCC_APB2PeriphResetCmd                   0x08000f15   Thumb Code    26  stm32f10x_rcc.o(i.RCC_APB2PeriphResetCmd)
    RCC_GetClocksFreq                        0x08000f35   Thumb Code   192  stm32f10x_rcc.o(i.RCC_GetClocksFreq)
    SVC_Handler                              0x08001009   Thumb Code     2  stm32f10x_it.o(i.SVC_Handler)
    S_I2C_Init                               0x0800104d   Thumb Code    56  bsp_s_i2c.o(i.S_I2C_Init)
    S_I2C_Read                               0x080010b5   Thumb Code   138  bsp_s_i2c.o(i.S_I2C_Read)
    S_I2C_Read_Byte                          0x08001191   Thumb Code    72  bsp_s_i2c.o(i.S_I2C_Read_Byte)
    S_I2C_Write                              0x080012cd   Thumb Code   138  bsp_s_i2c.o(i.S_I2C_Write)
    S_I2C_Write_Byte                         0x08001357   Thumb Code    76  bsp_s_i2c.o(i.S_I2C_Write_Byte)
    Scheduler_Run                            0x080013a5   Thumb Code    80  scheduler.o(i.Scheduler_Run)
    Scheduler_Setup                          0x080013f9   Thumb Code    76  scheduler.o(i.Scheduler_Setup)
    Sensors_I2C_ReadRegister                 0x08001449   Thumb Code    28  bsp_mpu6050.o(i.Sensors_I2C_ReadRegister)
    Sensors_I2C_WriteRegister                0x08001465   Thumb Code    28  bsp_mpu6050.o(i.Sensors_I2C_WriteRegister)
    SetSpeedHollowCup1                       0x08001481   Thumb Code    16  bsp_hollow_cup.o(i.SetSpeedHollowCup1)
    SetSpeedHollowCup2                       0x08001491   Thumb Code    16  bsp_hollow_cup.o(i.SetSpeedHollowCup2)
    SetSpeedHollowCup3                       0x080014a1   Thumb Code    16  bsp_hollow_cup.o(i.SetSpeedHollowCup3)
    SetSpeedHollowCup4                       0x080014b1   Thumb Code    16  bsp_hollow_cup.o(i.SetSpeedHollowCup4)
    SysTick_CLKSourceConfig                  0x080015a9   Thumb Code    40  misc.o(i.SysTick_CLKSourceConfig)
    SysTick_Handler                          0x080015d1   Thumb Code    20  bsp_systick.o(i.SysTick_Handler)
    SysTick_Init                             0x080015e9   Thumb Code   104  bsp_systick.o(i.SysTick_Init)
    SystemInit                               0x08001659   Thumb Code    78  system_stm32f10x.o(i.SystemInit)
    TIM4_IRQHandler                          0x080016b9   Thumb Code    36  core_run.o(i.TIM4_IRQHandler)
    TIM_ClearITPendingBit                    0x080016e5   Thumb Code     6  stm32f10x_tim.o(i.TIM_ClearITPendingBit)
    TIM_Cmd                                  0x080016eb   Thumb Code    24  stm32f10x_tim.o(i.TIM_Cmd)
    TIM_GetCounter                           0x08001703   Thumb Code     6  stm32f10x_tim.o(i.TIM_GetCounter)
    TIM_GetITStatus                          0x08001709   Thumb Code    34  stm32f10x_tim.o(i.TIM_GetITStatus)
    TIM_ITConfig                             0x0800172b   Thumb Code    18  stm32f10x_tim.o(i.TIM_ITConfig)
    TIM_OC1Init                              0x0800173d   Thumb Code   132  stm32f10x_tim.o(i.TIM_OC1Init)
    TIM_OC1PreloadConfig                     0x080017d5   Thumb Code    18  stm32f10x_tim.o(i.TIM_OC1PreloadConfig)
    TIM_OC2Init                              0x080017e9   Thumb Code   154  stm32f10x_tim.o(i.TIM_OC2Init)
    TIM_OC2PreloadConfig                     0x0800188d   Thumb Code    26  stm32f10x_tim.o(i.TIM_OC2PreloadConfig)
    TIM_OC3Init                              0x080018a9   Thumb Code   150  stm32f10x_tim.o(i.TIM_OC3Init)
    TIM_OC3PreloadConfig                     0x08001949   Thumb Code    18  stm32f10x_tim.o(i.TIM_OC3PreloadConfig)
    TIM_OC4Init                              0x0800195d   Thumb Code   114  stm32f10x_tim.o(i.TIM_OC4Init)
    TIM_OC4PreloadConfig                     0x080019d9   Thumb Code    26  stm32f10x_tim.o(i.TIM_OC4PreloadConfig)
    TIM_SetCompare1                          0x080019f3   Thumb Code     4  stm32f10x_tim.o(i.TIM_SetCompare1)
    TIM_SetCompare2                          0x080019f7   Thumb Code     4  stm32f10x_tim.o(i.TIM_SetCompare2)
    TIM_SetCompare3                          0x080019fb   Thumb Code     4  stm32f10x_tim.o(i.TIM_SetCompare3)
    TIM_SetCompare4                          0x080019ff   Thumb Code     6  stm32f10x_tim.o(i.TIM_SetCompare4)
    TIM_TimeBaseInit                         0x08001a05   Thumb Code   122  stm32f10x_tim.o(i.TIM_TimeBaseInit)
    TIMx_Config                              0x08001aa9   Thumb Code   206  bsp_hollow_cup.o(i.TIMx_Config)
    USART1_IRQHandler                        0x08001b7d   Thumb Code   120  bsp_usart.o(i.USART1_IRQHandler)
    USART_ClearITPendingBit                  0x08001c05   Thumb Code    30  stm32f10x_usart.o(i.USART_ClearITPendingBit)
    USART_Cmd                                0x08001c23   Thumb Code    24  stm32f10x_usart.o(i.USART_Cmd)
    USART_DMACmd                             0x08001c91   Thumb Code    18  stm32f10x_usart.o(i.USART_DMACmd)
    USART_GetFlagStatus                      0x08001d1d   Thumb Code    26  stm32f10x_usart.o(i.USART_GetFlagStatus)
    USART_GetITStatus                        0x08001d37   Thumb Code    84  stm32f10x_usart.o(i.USART_GetITStatus)
    USART_Init                               0x08001d8d   Thumb Code   210  stm32f10x_usart.o(i.USART_Init)
    USART_SendData                           0x08001e65   Thumb Code     8  stm32f10x_usart.o(i.USART_SendData)
    UsageFault_Handler                       0x08001e6d   Thumb Code     4  stm32f10x_it.o(i.UsageFault_Handler)
    __0printf$8                              0x08001e71   Thumb Code    22  printf8.o(i.__0printf$8)
    __1printf$8                              0x08001e71   Thumb Code     0  printf8.o(i.__0printf$8)
    __2printf                                0x08001e71   Thumb Code     0  printf8.o(i.__0printf$8)
    __scatterload_copy                       0x08001e91   Thumb Code    14  handlers.o(i.__scatterload_copy)
    __scatterload_null                       0x08001e9f   Thumb Code     2  handlers.o(i.__scatterload_null)
    __scatterload_zeroinit                   0x08001ea1   Thumb Code    14  handlers.o(i.__scatterload_zeroinit)
    adc1_init                                0x080023d5   Thumb Code   286  bsp_adc.o(i.adc1_init)
    core_run_init                            0x08002505   Thumb Code   112  core_run.o(i.core_run_init)
    display                                  0x08002579   Thumb Code   138  task.o(i.display)
    display_core_run_time                    0x08002615   Thumb Code     2  task.o(i.display_core_run_time)
    dmp_enable_6x_lp_quat                    0x08002617   Thumb Code    60  inv_mpu_dmp_motion_driver.o(i.dmp_enable_6x_lp_quat)
    dmp_enable_feature                       0x08002655   Thumb Code   530  inv_mpu_dmp_motion_driver.o(i.dmp_enable_feature)
    dmp_enable_gyro_cal                      0x08002871   Thumb Code    62  inv_mpu_dmp_motion_driver.o(i.dmp_enable_gyro_cal)
    dmp_enable_lp_quat                       0x080028c9   Thumb Code    60  inv_mpu_dmp_motion_driver.o(i.dmp_enable_lp_quat)
    dmp_load_motion_driver_firmware          0x08002905   Thumb Code    20  inv_mpu_dmp_motion_driver.o(i.dmp_load_motion_driver_firmware)
    dmp_set_accel_bias                       0x0800291d   Thumb Code   300  inv_mpu_dmp_motion_driver.o(i.dmp_set_accel_bias)
    dmp_set_fifo_rate                        0x08002a4d   Thumb Code    96  inv_mpu_dmp_motion_driver.o(i.dmp_set_fifo_rate)
    dmp_set_gyro_bias                        0x08002abd   Thumb Code   294  inv_mpu_dmp_motion_driver.o(i.dmp_set_gyro_bias)
    dmp_set_orientation                      0x08002bed   Thumb Code   290  inv_mpu_dmp_motion_driver.o(i.dmp_set_orientation)
    dmp_set_shake_reject_thresh              0x08002d25   Thumb Code    56  inv_mpu_dmp_motion_driver.o(i.dmp_set_shake_reject_thresh)
    dmp_set_shake_reject_time                0x08002d5d   Thumb Code    38  inv_mpu_dmp_motion_driver.o(i.dmp_set_shake_reject_time)
    dmp_set_shake_reject_timeout             0x08002d83   Thumb Code    38  inv_mpu_dmp_motion_driver.o(i.dmp_set_shake_reject_timeout)
    dmp_set_tap_axes                         0x08002da9   Thumb Code    70  inv_mpu_dmp_motion_driver.o(i.dmp_set_tap_axes)
    dmp_set_tap_count                        0x08002def   Thumb Code    38  inv_mpu_dmp_motion_driver.o(i.dmp_set_tap_count)
    dmp_set_tap_thresh                       0x08002e15   Thumb Code   396  inv_mpu_dmp_motion_driver.o(i.dmp_set_tap_thresh)
    dmp_set_tap_time                         0x08002fb5   Thumb Code    38  inv_mpu_dmp_motion_driver.o(i.dmp_set_tap_time)
    dmp_set_tap_time_multi                   0x08002fdb   Thumb Code    38  inv_mpu_dmp_motion_driver.o(i.dmp_set_tap_time_multi)
    drvU1GetByte                             0x08003001   Thumb Code    32  bsp_usart.o(i.drvU1GetByte)
    fputc                                    0x080030b5   Thumb Code    32  bsp_usart.o(i.fputc)
    inv_orientation_matrix_to_scalar         0x08003729   Thumb Code    40  bsp_mpu6050.o(i.inv_orientation_matrix_to_scalar)
    inv_row_2_scale                          0x08003751   Thumb Code    78  bsp_mpu6050.o(i.inv_row_2_scale)
    led_init                                 0x080037a1   Thumb Code    78  bsp_led.o(i.led_init)
    main                                     0x08003809   Thumb Code    16  main.o(i.main)
    mpu_configure_fifo                       0x08003819   Thumb Code   106  inv_mpu.o(i.mpu_configure_fifo)
    mpu_dmp_init                             0x08003889   Thumb Code   156  bsp_mpu6050.o(i.mpu_dmp_init)
    mpu_get_accel_fsr                        0x08003929   Thumb Code    72  inv_mpu.o(i.mpu_get_accel_fsr)
    mpu_get_accel_sens                       0x08003975   Thumb Code    78  inv_mpu.o(i.mpu_get_accel_sens)
    mpu_get_fifo_config                      0x080039c9   Thumb Code    12  inv_mpu.o(i.mpu_get_fifo_config)
    mpu_get_gyro_fsr                         0x080039d9   Thumb Code    64  inv_mpu.o(i.mpu_get_gyro_fsr)
    mpu_get_gyro_sens                        0x08003a1d   Thumb Code    58  inv_mpu.o(i.mpu_get_gyro_sens)
    mpu_get_lpf                              0x08003a6d   Thumb Code    74  inv_mpu.o(i.mpu_get_lpf)
    mpu_get_sample_rate                      0x08003abd   Thumb Code    26  inv_mpu.o(i.mpu_get_sample_rate)
    mpu_init                                 0x08003add   Thumb Code   248  inv_mpu.o(i.mpu_init)
    mpu_load_firmware                        0x08003bd9   Thumb Code   180  inv_mpu.o(i.mpu_load_firmware)
    mpu_lp_accel_mode                        0x08003c91   Thumb Code   218  inv_mpu.o(i.mpu_lp_accel_mode)
    mpu_read_mem                             0x08003d71   Thumb Code   122  inv_mpu.o(i.mpu_read_mem)
    mpu_reset_fifo                           0x08003df1   Thumb Code   450  inv_mpu.o(i.mpu_reset_fifo)
    mpu_run_self_test                        0x08003fb9   Thumb Code   278  inv_mpu.o(i.mpu_run_self_test)
    mpu_set_accel_fsr                        0x080040d5   Thumb Code   126  inv_mpu.o(i.mpu_set_accel_fsr)
    mpu_set_bypass                           0x08004159   Thumb Code   328  inv_mpu.o(i.mpu_set_bypass)
    mpu_set_dmp_state                        0x080042a5   Thumb Code   138  inv_mpu.o(i.mpu_set_dmp_state)
    mpu_set_gyro_fsr                         0x08004335   Thumb Code   132  inv_mpu.o(i.mpu_set_gyro_fsr)
    mpu_set_int_latched                      0x080043bd   Thumb Code   102  inv_mpu.o(i.mpu_set_int_latched)
    mpu_set_lpf                              0x08004429   Thumb Code   126  inv_mpu.o(i.mpu_set_lpf)
    mpu_set_sample_rate                      0x080044ad   Thumb Code   152  inv_mpu.o(i.mpu_set_sample_rate)
    mpu_set_sensors                          0x08004549   Thumb Code   202  inv_mpu.o(i.mpu_set_sensors)
    mpu_write_mem                            0x08004619   Thumb Code   122  inv_mpu.o(i.mpu_write_mem)
    run_self_test                            0x08004699   Thumb Code   148  bsp_mpu6050.o(i.run_self_test)
    reg                                      0x080047bc   Data          30  inv_mpu.o(.constdata)
    hw                                       0x080047da   Data          12  inv_mpu.o(.constdata)
    test                                     0x080047e8   Data          40  inv_mpu.o(.constdata)
    Region$$Table$$Base                      0x08005408   Number         0  anon$$obj.o(Region$$Table)
    Region$$Table$$Limit                     0x08005428   Number         0  anon$$obj.o(Region$$Table)
    ADC_ConvertedValue                       0x20000014   Data           4  bsp_adc.o(.data)
    Tx1Counter                               0x20000030   Data           1  bsp_usart.o(.data)
    count1                                   0x20000031   Data           1  bsp_usart.o(.data)
    U1RxInCnt                                0x20000032   Data           1  bsp_usart.o(.data)
    U1RxoutCnt                               0x20000033   Data           1  bsp_usart.o(.data)
    transition_data                          0x20000034   Data           4  math_lib.o(.data)
    core_run_time                            0x20000064   Data           2  core_run.o(.data)
    __stdout                                 0x200000e0   Data           4  stdout.o(.data)
    Debug                                    0x200000e4   Data          18  bsp_bluetooth.o(.bss)
    Tx1Buffer                                0x200000f6   Data         256  bsp_usart.o(.bss)
    U1RxDataTmp                              0x200001f6   Data         100  bsp_usart.o(.bss)
    __initial_sp                             0x20000670   Data           0  startup_stm32f10x_md.o(STACK)



==============================================================================

Memory Map of the image

  Image Entry point : 0x080000ed

  Load Region LR_IROM1 (Base: 0x08000000, Size: 0x0000550c, Max: 0x00010000, ABSOLUTE)

    Execution Region ER_IROM1 (Exec base: 0x08000000, Load base: 0x08000000, Size: 0x00005428, Max: 0x00010000, ABSOLUTE)

    Exec Addr    Load Addr    Size         Type   Attr      Idx    E Section Name        Object

    0x08000000   0x08000000   0x000000ec   Data   RO            3    RESET               startup_stm32f10x_md.o
    0x080000ec   0x080000ec   0x00000000   Code   RO         3199  * .ARM.Collect$$$$00000000  mc_w.l(entry.o)
    0x080000ec   0x080000ec   0x00000004   Code   RO         3538    .ARM.Collect$$$$00000001  mc_w.l(entry2.o)
    0x080000f0   0x080000f0   0x00000004   Code   RO         3541    .ARM.Collect$$$$00000004  mc_w.l(entry5.o)
    0x080000f4   0x080000f4   0x00000000   Code   RO         3543    .ARM.Collect$$$$00000008  mc_w.l(entry7b.o)
    0x080000f4   0x080000f4   0x00000000   Code   RO         3545    .ARM.Collect$$$$0000000A  mc_w.l(entry8b.o)
    0x080000f4   0x080000f4   0x00000008   Code   RO         3546    .ARM.Collect$$$$0000000B  mc_w.l(entry9a.o)
    0x080000fc   0x080000fc   0x00000000   Code   RO         3548    .ARM.Collect$$$$0000000D  mc_w.l(entry10a.o)
    0x080000fc   0x080000fc   0x00000000   Code   RO         3550    .ARM.Collect$$$$0000000F  mc_w.l(entry11a.o)
    0x080000fc   0x080000fc   0x00000004   Code   RO         3539    .ARM.Collect$$$$00002712  mc_w.l(entry2.o)
    0x08000100   0x08000100   0x00000024   Code   RO            4    .text               startup_stm32f10x_md.o
    0x08000124   0x08000124   0x00000062   Code   RO         3202    .text               mc_w.l(ldiv.o)
    0x08000186   0x08000186   0x00000024   Code   RO         3204    .text               mc_w.l(memseta.o)
    0x080001aa   0x080001aa   0x0000001a   Code   RO         3206    .text               mc_w.l(memcmp.o)
    0x080001c4   0x080001c4   0x000000b0   Code   RO         3469    .text               mf_w.l(fadd.o)
    0x08000274   0x08000274   0x00000064   Code   RO         3471    .text               mf_w.l(fmul.o)
    0x080002d8   0x080002d8   0x0000007c   Code   RO         3473    .text               mf_w.l(fdiv.o)
    0x08000354   0x08000354   0x00000012   Code   RO         3481    .text               mf_w.l(fflti.o)
    0x08000366   0x08000366   0x0000000a   Code   RO         3483    .text               mf_w.l(ffltui.o)
    0x08000370   0x08000370   0x00000032   Code   RO         3487    .text               mf_w.l(ffixi.o)
    0x080003a2   0x080003a2   0x00000028   Code   RO         3489    .text               mf_w.l(ffixui.o)
    0x080003ca   0x080003ca   0x00000026   Code   RO         3491    .text               mf_w.l(f2d.o)
    0x080003f0   0x080003f0   0x00000030   Code   RO         3493    .text               mf_w.l(cdrcmple.o)
    0x08000420   0x08000420   0x00000014   Code   RO         3497    .text               mf_w.l(cfcmple.o)
    0x08000434   0x08000434   0x00000014   Code   RO         3499    .text               mf_w.l(cfrcmple.o)
    0x08000448   0x08000448   0x00000062   Code   RO         3555    .text               mc_w.l(uldiv.o)
    0x080004aa   0x080004aa   0x0000001e   Code   RO         3557    .text               mc_w.l(llshl.o)
    0x080004c8   0x080004c8   0x00000000   Code   RO         3568    .text               mc_w.l(iusefp.o)
    0x080004c8   0x080004c8   0x0000006e   Code   RO         3569    .text               mf_w.l(fepilogue.o)
    0x08000536   0x08000536   0x00000002   PAD
    0x08000538   0x08000538   0x00000024   Code   RO         3577    .text               mc_w.l(init.o)
    0x0800055c   0x0800055c   0x00000020   Code   RO         3579    .text               mc_w.l(llushr.o)
    0x0800057c   0x0800057c   0x00000016   Code   RO          128    i.ADC_Cmd           stm32f10x_adc.o
    0x08000592   0x08000592   0x00000016   Code   RO          129    i.ADC_DMACmd        stm32f10x_adc.o
    0x080005a8   0x080005a8   0x00000014   Code   RO          136    i.ADC_GetCalibrationStatus  stm32f10x_adc.o
    0x080005bc   0x080005bc   0x00000014   Code   RO          142    i.ADC_GetResetCalibrationStatus  stm32f10x_adc.o
    0x080005d0   0x080005d0   0x00000050   Code   RO          146    i.ADC_Init          stm32f10x_adc.o
    0x08000620   0x08000620   0x000000b8   Code   RO          150    i.ADC_RegularChannelConfig  stm32f10x_adc.o
    0x080006d8   0x080006d8   0x0000000a   Code   RO          151    i.ADC_ResetCalibration  stm32f10x_adc.o
    0x080006e2   0x080006e2   0x00000016   Code   RO          153    i.ADC_SoftwareStartConvCmd  stm32f10x_adc.o
    0x080006f8   0x080006f8   0x0000000a   Code   RO          155    i.ADC_StartCalibration  stm32f10x_adc.o
    0x08000702   0x08000702   0x00000002   PAD
    0x08000704   0x08000704   0x00000024   Code   RO          157    i.ADC_TempSensorVrefintCmd  stm32f10x_adc.o
    0x08000728   0x08000728   0x00000080   Code   RO         3076    i.All_Init          sys.o
    0x080007a8   0x080007a8   0x00000020   Code   RO         1757    i.BlueTooth_Init    bsp_bluetooth.o
    0x080007c8   0x080007c8   0x00000090   Code   RO         1758    i.BlueTooth_Write_data  bsp_bluetooth.o
    0x08000858   0x08000858   0x00000004   Code   RO         3130    i.BusFault_Handler  stm32f10x_it.o
    0x0800085c   0x0800085c   0x00000002   Code   RO         3092    i.Core_Run          task.o
    0x0800085e   0x0800085e   0x00000018   Code   RO          346    i.DMA_Cmd           stm32f10x_dma.o
    0x08000876   0x08000876   0x00000002   PAD
    0x08000878   0x08000878   0x0000014c   Code   RO          347    i.DMA_DeInit        stm32f10x_dma.o
    0x080009c4   0x080009c4   0x0000003c   Code   RO          352    i.DMA_Init          stm32f10x_dma.o
    0x08000a00   0x08000a00   0x00000002   Code   RO         3131    i.DebugMon_Handler  stm32f10x_it.o
    0x08000a02   0x08000a02   0x00000018   Code   RO         2144    i.Delay_ms          bsp_systick.o
    0x08000a1a   0x08000a1a   0x00000018   Code   RO         2145    i.Delay_us          bsp_systick.o
    0x08000a32   0x08000a32   0x00000002   PAD
    0x08000a34   0x08000a34   0x00000028   Code   RO         2377    i.GET_float         math_lib.o
    0x08000a5c   0x08000a5c   0x00000040   Code   RO         1759    i.GPIO_Config       bsp_bluetooth.o
    0x08000a9c   0x08000a9c   0x00000116   Code   RO          422    i.GPIO_Init         stm32f10x_gpio.o
    0x08000bb2   0x08000bb2   0x00000002   PAD
    0x08000bb4   0x08000bb4   0x00000090   Code   RO          424    i.GPIO_PinRemapConfig  stm32f10x_gpio.o
    0x08000c44   0x08000c44   0x00000012   Code   RO          426    i.GPIO_ReadInputDataBit  stm32f10x_gpio.o
    0x08000c56   0x08000c56   0x00000004   Code   RO          429    i.GPIO_ResetBits    stm32f10x_gpio.o
    0x08000c5a   0x08000c5a   0x00000004   Code   RO          430    i.GPIO_SetBits      stm32f10x_gpio.o
    0x08000c5e   0x08000c5e   0x00000002   PAD
    0x08000c60   0x08000c60   0x0000000c   Code   RO         2146    i.GetSysRunTimeMs   bsp_systick.o
    0x08000c6c   0x08000c6c   0x00000044   Code   RO         2147    i.GetSysRunTimeUs   bsp_systick.o
    0x08000cb0   0x08000cb0   0x00000004   Code   RO         3132    i.HardFault_Handler  stm32f10x_it.o
    0x08000cb4   0x08000cb4   0x00000002   Code   RO         2997    i.Loop              scheduler.o
    0x08000cb6   0x08000cb6   0x00000002   Code   RO         2998    i.Loop_1000Hz       scheduler.o
    0x08000cb8   0x08000cb8   0x00000002   Code   RO         2999    i.Loop_100Hz        scheduler.o
    0x08000cba   0x08000cba   0x00000002   Code   RO         3000    i.Loop_10Hz         scheduler.o
    0x08000cbc   0x08000cbc   0x00000014   Code   RO         3001    i.Loop_1Hz          scheduler.o
    0x08000cd0   0x08000cd0   0x00000002   Code   RO         3002    i.Loop_200Hz        scheduler.o
    0x08000cd2   0x08000cd2   0x00000002   Code   RO         3003    i.Loop_20Hz         scheduler.o
    0x08000cd4   0x08000cd4   0x00000024   Code   RO         3004    i.Loop_2Hz          scheduler.o
    0x08000cf8   0x08000cf8   0x00000002   Code   RO         3005    i.Loop_500Hz        scheduler.o
    0x08000cfa   0x08000cfa   0x00000002   Code   RO         3006    i.Loop_50Hz         scheduler.o
    0x08000cfc   0x08000cfc   0x00000008   Code   RO         3007    i.Loop_5Hz          scheduler.o
    0x08000d04   0x08000d04   0x0000008a   Code   RO         1959    i.MPU_Init          bsp_mpu6050.o
    0x08000d8e   0x08000d8e   0x00000012   Code   RO         1960    i.MPU_Set_Accel_Fsr  bsp_mpu6050.o
    0x08000da0   0x08000da0   0x00000012   Code   RO         1961    i.MPU_Set_Gyro_Fsr  bsp_mpu6050.o
    0x08000db2   0x08000db2   0x0000003c   Code   RO         1962    i.MPU_Set_LPF       bsp_mpu6050.o
    0x08000dee   0x08000dee   0x0000003c   Code   RO         1963    i.MPU_Set_Rate      bsp_mpu6050.o
    0x08000e2a   0x08000e2a   0x00000004   Code   RO         3133    i.MemManage_Handler  stm32f10x_it.o
    0x08000e2e   0x08000e2e   0x00000002   Code   RO         3134    i.NMI_Handler       stm32f10x_it.o
    0x08000e30   0x08000e30   0x00000070   Code   RO           82    i.NVIC_Init         misc.o
    0x08000ea0   0x08000ea0   0x00000014   Code   RO           83    i.NVIC_PriorityGroupConfig  misc.o
    0x08000eb4   0x08000eb4   0x00000020   Code   RO          735    i.RCC_AHBPeriphClockCmd  stm32f10x_rcc.o
    0x08000ed4   0x08000ed4   0x00000020   Code   RO          736    i.RCC_APB1PeriphClockCmd  stm32f10x_rcc.o
    0x08000ef4   0x08000ef4   0x00000020   Code   RO          738    i.RCC_APB2PeriphClockCmd  stm32f10x_rcc.o
    0x08000f14   0x08000f14   0x00000020   Code   RO          739    i.RCC_APB2PeriphResetCmd  stm32f10x_rcc.o
    0x08000f34   0x08000f34   0x000000d4   Code   RO          746    i.RCC_GetClocksFreq  stm32f10x_rcc.o
    0x08001008   0x08001008   0x00000002   Code   RO         3135    i.SVC_Handler       stm32f10x_it.o
    0x0800100a   0x0800100a   0x00000002   PAD
    0x0800100c   0x0800100c   0x00000034   Code   RO         2064    i.S_I2C_Ack         bsp_s_i2c.o
    0x08001040   0x08001040   0x0000000a   Code   RO         2065    i.S_I2C_Delay       bsp_s_i2c.o
    0x0800104a   0x0800104a   0x00000002   PAD
    0x0800104c   0x0800104c   0x0000003c   Code   RO         2066    i.S_I2C_Init        bsp_s_i2c.o
    0x08001088   0x08001088   0x0000002c   Code   RO         2067    i.S_I2C_NAck        bsp_s_i2c.o
    0x080010b4   0x080010b4   0x0000008a   Code   RO         2068    i.S_I2C_Read        bsp_s_i2c.o
    0x0800113e   0x0800113e   0x00000002   PAD
    0x08001140   0x08001140   0x00000050   Code   RO         2069    i.S_I2C_ReadByte    bsp_s_i2c.o
    0x08001190   0x08001190   0x00000048   Code   RO         2070    i.S_I2C_Read_Byte   bsp_s_i2c.o
    0x080011d8   0x080011d8   0x0000005c   Code   RO         2071    i.S_I2C_SendByte    bsp_s_i2c.o
    0x08001234   0x08001234   0x00000034   Code   RO         2072    i.S_I2C_Start       bsp_s_i2c.o
    0x08001268   0x08001268   0x00000024   Code   RO         2073    i.S_I2C_Stop        bsp_s_i2c.o
    0x0800128c   0x0800128c   0x00000040   Code   RO         2074    i.S_I2C_WaitAck     bsp_s_i2c.o
    0x080012cc   0x080012cc   0x0000008a   Code   RO         2075    i.S_I2C_Write       bsp_s_i2c.o
    0x08001356   0x08001356   0x0000004c   Code   RO         2076    i.S_I2C_Write_Byte  bsp_s_i2c.o
    0x080013a2   0x080013a2   0x00000002   PAD
    0x080013a4   0x080013a4   0x00000054   Code   RO         3008    i.Scheduler_Run     scheduler.o
    0x080013f8   0x080013f8   0x00000050   Code   RO         3009    i.Scheduler_Setup   scheduler.o
    0x08001448   0x08001448   0x0000001c   Code   RO         1964    i.Sensors_I2C_ReadRegister  bsp_mpu6050.o
    0x08001464   0x08001464   0x0000001c   Code   RO         1965    i.Sensors_I2C_WriteRegister  bsp_mpu6050.o
    0x08001480   0x08001480   0x00000010   Code   RO         1900    i.SetSpeedHollowCup1  bsp_hollow_cup.o
    0x08001490   0x08001490   0x00000010   Code   RO         1901    i.SetSpeedHollowCup2  bsp_hollow_cup.o
    0x080014a0   0x080014a0   0x00000010   Code   RO         1902    i.SetSpeedHollowCup3  bsp_hollow_cup.o
    0x080014b0   0x080014b0   0x00000010   Code   RO         1903    i.SetSpeedHollowCup4  bsp_hollow_cup.o
    0x080014c0   0x080014c0   0x00000008   Code   RO           10    i.SetSysClock       system_stm32f10x.o
    0x080014c8   0x080014c8   0x000000e0   Code   RO           11    i.SetSysClockTo72   system_stm32f10x.o
    0x080015a8   0x080015a8   0x00000028   Code   RO           86    i.SysTick_CLKSourceConfig  misc.o
    0x080015d0   0x080015d0   0x00000018   Code   RO         2148    i.SysTick_Handler   bsp_systick.o
    0x080015e8   0x080015e8   0x00000070   Code   RO         2149    i.SysTick_Init      bsp_systick.o
    0x08001658   0x08001658   0x00000060   Code   RO           13    i.SystemInit        system_stm32f10x.o
    0x080016b8   0x080016b8   0x0000002c   Code   RO         2956    i.TIM4_IRQHandler   core_run.o
    0x080016e4   0x080016e4   0x00000006   Code   RO          945    i.TIM_ClearITPendingBit  stm32f10x_tim.o
    0x080016ea   0x080016ea   0x00000018   Code   RO          950    i.TIM_Cmd           stm32f10x_tim.o
    0x08001702   0x08001702   0x00000006   Code   RO          969    i.TIM_GetCounter    stm32f10x_tim.o
    0x08001708   0x08001708   0x00000022   Code   RO          971    i.TIM_GetITStatus   stm32f10x_tim.o
    0x0800172a   0x0800172a   0x00000012   Code   RO          975    i.TIM_ITConfig      stm32f10x_tim.o
    0x0800173c   0x0800173c   0x00000098   Code   RO          979    i.TIM_OC1Init       stm32f10x_tim.o
    0x080017d4   0x080017d4   0x00000012   Code   RO          982    i.TIM_OC1PreloadConfig  stm32f10x_tim.o
    0x080017e6   0x080017e6   0x00000002   PAD
    0x080017e8   0x080017e8   0x000000a4   Code   RO          984    i.TIM_OC2Init       stm32f10x_tim.o
    0x0800188c   0x0800188c   0x0000001a   Code   RO          987    i.TIM_OC2PreloadConfig  stm32f10x_tim.o
    0x080018a6   0x080018a6   0x00000002   PAD
    0x080018a8   0x080018a8   0x000000a0   Code   RO          989    i.TIM_OC3Init       stm32f10x_tim.o
    0x08001948   0x08001948   0x00000012   Code   RO          992    i.TIM_OC3PreloadConfig  stm32f10x_tim.o
    0x0800195a   0x0800195a   0x00000002   PAD
    0x0800195c   0x0800195c   0x0000007c   Code   RO          994    i.TIM_OC4Init       stm32f10x_tim.o
    0x080019d8   0x080019d8   0x0000001a   Code   RO          996    i.TIM_OC4PreloadConfig  stm32f10x_tim.o
    0x080019f2   0x080019f2   0x00000004   Code   RO         1011    i.TIM_SetCompare1   stm32f10x_tim.o
    0x080019f6   0x080019f6   0x00000004   Code   RO         1012    i.TIM_SetCompare2   stm32f10x_tim.o
    0x080019fa   0x080019fa   0x00000004   Code   RO         1013    i.TIM_SetCompare3   stm32f10x_tim.o
    0x080019fe   0x080019fe   0x00000006   Code   RO         1014    i.TIM_SetCompare4   stm32f10x_tim.o
    0x08001a04   0x08001a04   0x000000a4   Code   RO         1021    i.TIM_TimeBaseInit  stm32f10x_tim.o
    0x08001aa8   0x08001aa8   0x000000d4   Code   RO         1904    i.TIMx_Config       bsp_hollow_cup.o
    0x08001b7c   0x08001b7c   0x00000088   Code   RO         2273    i.USART1_IRQHandler  bsp_usart.o
    0x08001c04   0x08001c04   0x0000001e   Code   RO         1483    i.USART_ClearITPendingBit  stm32f10x_usart.o
    0x08001c22   0x08001c22   0x00000018   Code   RO         1486    i.USART_Cmd         stm32f10x_usart.o
    0x08001c3a   0x08001c3a   0x00000002   PAD
    0x08001c3c   0x08001c3c   0x00000054   Code   RO         1760    i.USART_Config      bsp_bluetooth.o
    0x08001c90   0x08001c90   0x00000012   Code   RO         1487    i.USART_DMACmd      stm32f10x_usart.o
    0x08001ca2   0x08001ca2   0x00000002   PAD
    0x08001ca4   0x08001ca4   0x00000078   Code   RO         1761    i.USART_DMA_Config  bsp_bluetooth.o
    0x08001d1c   0x08001d1c   0x0000001a   Code   RO         1489    i.USART_GetFlagStatus  stm32f10x_usart.o
    0x08001d36   0x08001d36   0x00000054   Code   RO         1490    i.USART_GetITStatus  stm32f10x_usart.o
    0x08001d8a   0x08001d8a   0x00000002   PAD
    0x08001d8c   0x08001d8c   0x000000d8   Code   RO         1493    i.USART_Init        stm32f10x_usart.o
    0x08001e64   0x08001e64   0x00000008   Code   RO         1503    i.USART_SendData    stm32f10x_usart.o
    0x08001e6c   0x08001e6c   0x00000004   Code   RO         3136    i.UsageFault_Handler  stm32f10x_it.o
    0x08001e70   0x08001e70   0x00000020   Code   RO         3415    i.__0printf$8       mc_w.l(printf8.o)
    0x08001e90   0x08001e90   0x0000000e   Code   RO         3587    i.__scatterload_copy  mc_w.l(handlers.o)
    0x08001e9e   0x08001e9e   0x00000002   Code   RO         3588    i.__scatterload_null  mc_w.l(handlers.o)
    0x08001ea0   0x08001ea0   0x0000000e   Code   RO         3589    i.__scatterload_zeroinit  mc_w.l(handlers.o)
    0x08001eae   0x08001eae   0x00000002   PAD
    0x08001eb0   0x08001eb0   0x00000410   Code   RO         3422    i._printf_core      mc_w.l(printf8.o)
    0x080022c0   0x080022c0   0x00000024   Code   RO         3423    i._printf_post_padding  mc_w.l(printf8.o)
    0x080022e4   0x080022e4   0x0000002e   Code   RO         3424    i._printf_pre_padding  mc_w.l(printf8.o)
    0x08002312   0x08002312   0x00000002   PAD
    0x08002314   0x08002314   0x000000c0   Code   RO         2461    i.accel_self_test   inv_mpu.o
    0x080023d4   0x080023d4   0x00000130   Code   RO         1663    i.adc1_init         bsp_adc.o
    0x08002504   0x08002504   0x00000074   Code   RO         2957    i.core_run_init     core_run.o
    0x08002578   0x08002578   0x0000009c   Code   RO         3093    i.display           task.o
    0x08002614   0x08002614   0x00000002   Code   RO         3094    i.display_core_run_time  task.o
    0x08002616   0x08002616   0x0000003c   Code   RO         2771    i.dmp_enable_6x_lp_quat  inv_mpu_dmp_motion_driver.o
    0x08002652   0x08002652   0x00000002   PAD
    0x08002654   0x08002654   0x0000021c   Code   RO         2772    i.dmp_enable_feature  inv_mpu_dmp_motion_driver.o
    0x08002870   0x08002870   0x00000058   Code   RO         2773    i.dmp_enable_gyro_cal  inv_mpu_dmp_motion_driver.o
    0x080028c8   0x080028c8   0x0000003c   Code   RO         2774    i.dmp_enable_lp_quat  inv_mpu_dmp_motion_driver.o
    0x08002904   0x08002904   0x00000018   Code   RO         2779    i.dmp_load_motion_driver_firmware  inv_mpu_dmp_motion_driver.o
    0x0800291c   0x0800291c   0x00000130   Code   RO         2783    i.dmp_set_accel_bias  inv_mpu_dmp_motion_driver.o
    0x08002a4c   0x08002a4c   0x00000070   Code   RO         2784    i.dmp_set_fifo_rate  inv_mpu_dmp_motion_driver.o
    0x08002abc   0x08002abc   0x00000130   Code   RO         2785    i.dmp_set_gyro_bias  inv_mpu_dmp_motion_driver.o
    0x08002bec   0x08002bec   0x00000138   Code   RO         2787    i.dmp_set_orientation  inv_mpu_dmp_motion_driver.o
    0x08002d24   0x08002d24   0x00000038   Code   RO         2790    i.dmp_set_shake_reject_thresh  inv_mpu_dmp_motion_driver.o
    0x08002d5c   0x08002d5c   0x00000026   Code   RO         2791    i.dmp_set_shake_reject_time  inv_mpu_dmp_motion_driver.o
    0x08002d82   0x08002d82   0x00000026   Code   RO         2792    i.dmp_set_shake_reject_timeout  inv_mpu_dmp_motion_driver.o
    0x08002da8   0x08002da8   0x00000046   Code   RO         2793    i.dmp_set_tap_axes  inv_mpu_dmp_motion_driver.o
    0x08002dee   0x08002dee   0x00000026   Code   RO         2794    i.dmp_set_tap_count  inv_mpu_dmp_motion_driver.o
    0x08002e14   0x08002e14   0x000001a0   Code   RO         2795    i.dmp_set_tap_thresh  inv_mpu_dmp_motion_driver.o
    0x08002fb4   0x08002fb4   0x00000026   Code   RO         2796    i.dmp_set_tap_time  inv_mpu_dmp_motion_driver.o
    0x08002fda   0x08002fda   0x00000026   Code   RO         2797    i.dmp_set_tap_time_multi  inv_mpu_dmp_motion_driver.o
    0x08003000   0x08003000   0x00000028   Code   RO         2275    i.drvU1GetByte      bsp_usart.o
    0x08003028   0x08003028   0x0000008a   Code   RO         1763    i.find_head_end     bsp_bluetooth.o
    0x080030b2   0x080030b2   0x00000002   PAD
    0x080030b4   0x080030b4   0x00000024   Code   RO         2277    i.fputc             bsp_usart.o
    0x080030d8   0x080030d8   0x000000b4   Code   RO         2462    i.get_accel_prod_shift  inv_mpu.o
    0x0800318c   0x0800318c   0x00000470   Code   RO         2463    i.get_st_biases     inv_mpu.o
    0x080035fc   0x080035fc   0x0000012c   Code   RO         2464    i.gyro_self_test    inv_mpu.o
    0x08003728   0x08003728   0x00000028   Code   RO         1966    i.inv_orientation_matrix_to_scalar  bsp_mpu6050.o
    0x08003750   0x08003750   0x0000004e   Code   RO         1967    i.inv_row_2_scale   bsp_mpu6050.o
    0x0800379e   0x0800379e   0x00000002   PAD
    0x080037a0   0x080037a0   0x00000068   Code   RO         1940    i.led_init          bsp_led.o
    0x08003808   0x08003808   0x00000010   Code   RO         2981    i.main              main.o
    0x08003818   0x08003818   0x00000070   Code   RO         2465    i.mpu_configure_fifo  inv_mpu.o
    0x08003888   0x08003888   0x000000a0   Code   RO         1970    i.mpu_dmp_init      bsp_mpu6050.o
    0x08003928   0x08003928   0x0000004c   Code   RO         2466    i.mpu_get_accel_fsr  inv_mpu.o
    0x08003974   0x08003974   0x00000054   Code   RO         2468    i.mpu_get_accel_sens  inv_mpu.o
    0x080039c8   0x080039c8   0x00000010   Code   RO         2473    i.mpu_get_fifo_config  inv_mpu.o
    0x080039d8   0x080039d8   0x00000044   Code   RO         2474    i.mpu_get_gyro_fsr  inv_mpu.o
    0x08003a1c   0x08003a1c   0x00000050   Code   RO         2476    i.mpu_get_gyro_sens  inv_mpu.o
    0x08003a6c   0x08003a6c   0x00000050   Code   RO         2478    i.mpu_get_lpf       inv_mpu.o
    0x08003abc   0x08003abc   0x00000020   Code   RO         2480    i.mpu_get_sample_rate  inv_mpu.o
    0x08003adc   0x08003adc   0x000000fc   Code   RO         2482    i.mpu_init          inv_mpu.o
    0x08003bd8   0x08003bd8   0x000000b8   Code   RO         2483    i.mpu_load_firmware  inv_mpu.o
    0x08003c90   0x08003c90   0x000000e0   Code   RO         2484    i.mpu_lp_accel_mode  inv_mpu.o
    0x08003d70   0x08003d70   0x00000080   Code   RO         2491    i.mpu_read_mem      inv_mpu.o
    0x08003df0   0x08003df0   0x000001c8   Code   RO         2494    i.mpu_reset_fifo    inv_mpu.o
    0x08003fb8   0x08003fb8   0x0000011c   Code   RO         2495    i.mpu_run_self_test  inv_mpu.o
    0x080040d4   0x080040d4   0x00000084   Code   RO         2498    i.mpu_set_accel_fsr  inv_mpu.o
    0x08004158   0x08004158   0x0000014c   Code   RO         2499    i.mpu_set_bypass    inv_mpu.o
    0x080042a4   0x080042a4   0x00000090   Code   RO         2501    i.mpu_set_dmp_state  inv_mpu.o
    0x08004334   0x08004334   0x00000088   Code   RO         2503    i.mpu_set_gyro_fsr  inv_mpu.o
    0x080043bc   0x080043bc   0x0000006c   Code   RO         2504    i.mpu_set_int_latched  inv_mpu.o
    0x08004428   0x08004428   0x00000084   Code   RO         2506    i.mpu_set_lpf       inv_mpu.o
    0x080044ac   0x080044ac   0x0000009c   Code   RO         2507    i.mpu_set_sample_rate  inv_mpu.o
    0x08004548   0x08004548   0x000000d0   Code   RO         2508    i.mpu_set_sensors   inv_mpu.o
    0x08004618   0x08004618   0x00000080   Code   RO         2509    i.mpu_write_mem     inv_mpu.o
    0x08004698   0x08004698   0x00000094   Code   RO         1971    i.run_self_test     bsp_mpu6050.o
    0x0800472c   0x0800472c   0x00000090   Code   RO         2510    i.set_int_enable    inv_mpu.o
    0x080047bc   0x080047bc   0x00000054   Data   RO         2511    .constdata          inv_mpu.o
    0x08004810   0x08004810   0x00000bf6   Data   RO         2799    .constdata          inv_mpu_dmp_motion_driver.o
    0x08005406   0x08005406   0x00000002   PAD
    0x08005408   0x08005408   0x00000020   Data   RO         3585    Region$$Table       anon$$obj.o


    Execution Region RW_IRAM1 (Exec base: 0x20000000, Load base: 0x08005428, Size: 0x00000670, Max: 0x00005000, ABSOLUTE)

    Exec Addr    Load Addr    Size         Type   Attr      Idx    E Section Name        Object

    0x20000000   0x08005428   0x00000014   Data   RW          766    .data               stm32f10x_rcc.o
    0x20000014   0x0800543c   0x00000004   Data   RW         1664    .data               bsp_adc.o
    0x20000018   0x08005440   0x00000007   Data   RW         1765    .data               bsp_bluetooth.o
    0x2000001f   0x08005447   0x00000009   Data   RW         1972    .data               bsp_mpu6050.o
    0x20000028   0x08005450   0x00000008   Data   RW         2150    .data               bsp_systick.o
    0x20000030   0x08005458   0x00000004   Data   RW         2280    .data               bsp_usart.o
    0x20000034   0x0800545c   0x00000004   Data   RW         2380    .data               math_lib.o
    0x20000038   0x08005460   0x0000002c   Data   RW         2512    .data               inv_mpu.o
    0x20000064   0x0800548c   0x00000002   Data   RW         2958    .data               core_run.o
    0x20000066   0x0800548e   0x00000002   PAD
    0x20000068   0x08005490   0x00000078   Data   RW         3010    .data               scheduler.o
    0x200000e0   0x08005508   0x00000004   Data   RW         3552    .data               mc_w.l(stdout.o)
    0x200000e4        -       0x00000012   Zero   RW         1764    .bss                bsp_bluetooth.o
    0x200000f6        -       0x00000164   Zero   RW         2279    .bss                bsp_usart.o
    0x2000025a   0x0800550c   0x00000002   PAD
    0x2000025c        -       0x00000010   Zero   RW         2798    .bss                inv_mpu_dmp_motion_driver.o
    0x2000026c   0x0800550c   0x00000004   PAD
    0x20000270        -       0x00000400   Zero   RW            1    STACK               startup_stm32f10x_md.o


==============================================================================

Image component sizes


      Code (inc. data)   RO Data    RW Data    ZI Data      Debug   Object Name

       304         18          0          4          0       4989   bsp_adc.o
       582         30          0          7         18       4240   bsp_bluetooth.o
       276          6          0          0          0       2750   bsp_hollow_cup.o
       104         26          0          0          0        511   bsp_led.o
       776          4          0          9          0       7786   bsp_mpu6050.o
       914         36          0          0          0       7749   bsp_s_i2c.o
       264         24          0          8          0      18530   bsp_systick.o
       212         28          0          4        356       3754   bsp_usart.o
       160         12          0          2          0       1366   core_run.o
      5504        202         84         44          0      25852   inv_mpu.o
      2536        112       3062          0         16      18882   inv_mpu_dmp_motion_driver.o
        16          0          0          0          0        459   main.o
        40          6          0          4          0        754   math_lib.o
       172         22          0          0          0       2377   misc.o
       244         20          0        120          0       6254   scheduler.o
        36          8        236          0       1024        868   startup_stm32f10x_md.o
       426         16          0          0          0       8564   stm32f10x_adc.o
       416          8          0          0          0       3742   stm32f10x_dma.o
       448          6          0          0          0       4894   stm32f10x_gpio.o
        22          0          0          0          0       3167   stm32f10x_it.o
       340         44          0         20          0       6019   stm32f10x_rcc.o
       958         92          0          0          0      12443   stm32f10x_tim.o
       406          6          0          0          0       6497   stm32f10x_usart.o
       128         10          0          0          0        611   sys.o
       328         28          0          0          0     272845   system_stm32f10x.o
       160         18          0          0          0       1433   task.o

    ----------------------------------------------------------------------
     15808        782       3416        224       1420     427336   Object Totals
         0          0         32          0          0          0   (incl. Generated)
        36          0          2          2          6          0   (incl. Padding)

    ----------------------------------------------------------------------

      Code (inc. data)   RO Data    RW Data    ZI Data      Debug   Library Member Name

         0          0          0          0          0          0   entry.o
         0          0          0          0          0          0   entry10a.o
         0          0          0          0          0          0   entry11a.o
         8          4          0          0          0          0   entry2.o
         4          0          0          0          0          0   entry5.o
         0          0          0          0          0          0   entry7b.o
         0          0          0          0          0          0   entry8b.o
         8          4          0          0          0          0   entry9a.o
        30          0          0          0          0          0   handlers.o
        36          8          0          0          0         68   init.o
         0          0          0          0          0          0   iusefp.o
        98          0          0          0          0         84   ldiv.o
        30          0          0          0          0         68   llshl.o
        32          0          0          0          0         68   llushr.o
        26          0          0          0          0         80   memcmp.o
        36          0          0          0          0        108   memseta.o
      1154         54          0          0          0        352   printf8.o
         0          0          0          4          0          0   stdout.o
        98          0          0          0          0         92   uldiv.o
        48          0          0          0          0         68   cdrcmple.o
        20          0          0          0          0         68   cfcmple.o
        20          0          0          0          0         68   cfrcmple.o
        38          0          0          0          0         68   f2d.o
       176          0          0          0          0        140   fadd.o
       124          0          0          0          0         88   fdiv.o
       110          0          0          0          0        168   fepilogue.o
        50          0          0          0          0         68   ffixi.o
        40          0          0          0          0         68   ffixui.o
        18          0          0          0          0         68   fflti.o
        10          0          0          0          0         68   ffltui.o
       100          0          0          0          0         76   fmul.o

    ----------------------------------------------------------------------
      2320         70          0          4          0       1936   Library Totals
         6          0          0          0          0          0   (incl. Padding)

    ----------------------------------------------------------------------

      Code (inc. data)   RO Data    RW Data    ZI Data      Debug   Library Name

      1560         70          0          4          0        920   mc_w.l
       754          0          0          0          0       1016   mf_w.l

    ----------------------------------------------------------------------
      2320         70          0          4          0       1936   Library Totals

    ----------------------------------------------------------------------

==============================================================================


      Code (inc. data)   RO Data    RW Data    ZI Data      Debug   

     18128        852       3416        228       1420     419700   Grand Totals
     18128        852       3416        228       1420     419700   ELF Image Totals
     18128        852       3416        228          0          0   ROM Totals

==============================================================================

    Total RO  Size (Code + RO Data)                21544 (  21.04kB)
    Total RW  Size (RW Data + ZI Data)              1648 (   1.61kB)
    Total ROM Size (Code + RO Data + RW Data)      21772 (  21.26kB)

==============================================================================

